Using pre-set license
Built from '2022.3/release' branch; Version is '2022.3.18f1 (d29bea25151d) revision 13802474'; Using compiler version '192829333'; Build Type 'Release'
OS: 'Windows 11  (10.0.26200) 64bit Education' Language: 'en' Physical Memory: 32660 MB
BatchMode: 1, IsHumanControllingUs: 0, StartBugReporterOnCrash: 0, Is64bit: 1, IsPro: 1

COMMAND LINE ARGUMENTS:
C:\Program Files\Unity\Hub\Editor\2022.3.18f1\Editor\Unity.exe
-adb2
-batchMode
-noUpm
-name
AssetImportWorker22
-projectPath
C:/Users/Bandit Game Studio/FixedCameraDemo
-logFile
Logs/AssetImportWorker22.log
-srvPort
59427
Successfully changed project path to: C:/Users/Bandit Game Studio/FixedCameraDemo
C:/Users/Bandit Game Studio/FixedCameraDemo
[UnityMemory] Configuration Parameters - Can be set up in boot.config
    "memorysetup-bucket-allocator-granularity=16"
    "memorysetup-bucket-allocator-bucket-count=8"
    "memorysetup-bucket-allocator-block-size=33554432"
    "memorysetup-bucket-allocator-block-count=8"
    "memorysetup-main-allocator-block-size=16777216"
    "memorysetup-thread-allocator-block-size=16777216"
    "memorysetup-gfx-main-allocator-block-size=16777216"
    "memorysetup-gfx-thread-allocator-block-size=16777216"
    "memorysetup-cache-allocator-block-size=4194304"
    "memorysetup-typetree-allocator-block-size=2097152"
    "memorysetup-profiler-bucket-allocator-granularity=16"
    "memorysetup-profiler-bucket-allocator-bucket-count=8"
    "memorysetup-profiler-bucket-allocator-block-size=33554432"
    "memorysetup-profiler-bucket-allocator-block-count=8"
    "memorysetup-profiler-allocator-block-size=16777216"
    "memorysetup-profiler-editor-allocator-block-size=1048576"
    "memorysetup-temp-allocator-size-main=16777216"
    "memorysetup-job-temp-allocator-block-size=2097152"
    "memorysetup-job-temp-allocator-block-size-background=1048576"
    "memorysetup-job-temp-allocator-reduction-small-platforms=262144"
    "memorysetup-allocator-temp-initial-block-size-main=262144"
    "memorysetup-allocator-temp-initial-block-size-worker=262144"
    "memorysetup-temp-allocator-size-background-worker=32768"
    "memorysetup-temp-allocator-size-job-worker=262144"
    "memorysetup-temp-allocator-size-preload-manager=33554432"
    "memorysetup-temp-allocator-size-nav-mesh-worker=65536"
    "memorysetup-temp-allocator-size-audio-worker=65536"
    "memorysetup-temp-allocator-size-cloud-worker=32768"
    "memorysetup-temp-allocator-size-gi-baking-worker=262144"
    "memorysetup-temp-allocator-size-gfx=262144"
Player connection [22076] Host "[IP] 129.108.79.64 [Port] 0 [Flags] 2 [Guid] 4055878159 [EditorId] 4055878159 [Version] 1048832 [Id] WindowsEditor(7,DESKTOP-7CMUL8F) [Debug] 1 [PackageName] WindowsEditor [ProjectName] Editor" joined multi-casting on [225.0.0.222:54997]...

Player connection [22076] Host "[IP] 129.108.79.64 [Port] 0 [Flags] 2 [Guid] 4055878159 [EditorId] 4055878159 [Version] 1048832 [Id] WindowsEditor(7,DESKTOP-7CMUL8F) [Debug] 1 [PackageName] WindowsEditor [ProjectName] Editor" joined alternative multi-casting on [225.0.0.222:34997]...

[Physics::Module] Initialized MultithreadedJobDispatcher with 15 workers.
Refreshing native plugins compatible for Editor in 18.78 ms, found 3 plugins.
Preloading 0 native plugins for Editor in 0.00 ms.
Initialize engine version: 2022.3.18f1 (d29bea25151d)
[Subsystems] Discovering subsystems at path C:/Program Files/Unity/Hub/Editor/2022.3.18f1/Editor/Data/Resources/UnitySubsystems
[Subsystems] Discovering subsystems at path C:/Users/Bandit Game Studio/FixedCameraDemo/Assets
GfxDevice: creating device client; threaded=0; jobified=0
Direct3D:
    Version:  Direct3D 11.0 [level 11.1]
    Renderer: AMD Radeon RX 5700 XT (ID=0x731f)
    Vendor:   ATI
    VRAM:     8150 MB
    Driver:   32.0.21030.2001
Initialize mono
Mono path[0] = 'C:/Program Files/Unity/Hub/Editor/2022.3.18f1/Editor/Data/Managed'
Mono path[1] = 'C:/Program Files/Unity/Hub/Editor/2022.3.18f1/Editor/Data/MonoBleedingEdge/lib/mono/unityjit-win32'
Mono config path = 'C:/Program Files/Unity/Hub/Editor/2022.3.18f1/Editor/Data/MonoBleedingEdge/etc'
Using monoOptions --debugger-agent=transport=dt_socket,embedding=1,server=y,suspend=n,address=127.0.0.1:56644
Begin MonoManager ReloadAssembly
Registering precompiled unity dll's ...
Register platform support module: C:/Program Files/Unity/Hub/Editor/2022.3.18f1/Editor/Data/PlaybackEngines/WindowsStandaloneSupport/UnityEditor.WindowsStandalone.Extensions.dll
Registered in 0.008883 seconds.
- Loaded All Assemblies, in  0.401 seconds
Native extension for WindowsStandalone target not found
Mono: successfully reloaded assembly
- Finished resetting the current domain, in  0.296 seconds
Domain Reload Profiling: 694ms
	BeginReloadAssembly (134ms)
		ExecutionOrderSort (0ms)
		DisableScriptedObjects (0ms)
		BackupInstance (0ms)
		ReleaseScriptingObjects (0ms)
		CreateAndSetChildDomain (1ms)
	RebuildCommonClasses (38ms)
	RebuildNativeTypeToScriptingClass (11ms)
	initialDomainReloadingComplete (71ms)
	LoadAllAssembliesAndSetupDomain (143ms)
		LoadAssemblies (130ms)
		RebuildTransferFunctionScriptingTraits (0ms)
		AnalyzeDomain (141ms)
			TypeCache.Refresh (139ms)
				TypeCache.ScanAssembly (126ms)
			ScanForSourceGeneratedMonoScriptInfo (0ms)
			ResolveRequiredComponents (0ms)
	FinalizeReload (296ms)
		ReleaseScriptCaches (0ms)
		RebuildScriptCaches (0ms)
		SetupLoadedEditorAssemblies (234ms)
			LogAssemblyErrors (0ms)
			InitializePlatformSupportModulesInManaged (10ms)
			SetLoadedEditorAssemblies (7ms)
			RefreshPlugins (0ms)
			BeforeProcessingInitializeOnLoad (2ms)
			ProcessInitializeOnLoadAttributes (160ms)
			ProcessInitializeOnLoadMethodAttributes (54ms)
			AfterProcessingInitializeOnLoad (0ms)
			EditorAssembliesLoaded (0ms)
		ExecutionOrderSort2 (0ms)
		AwakeInstancesAfterBackupRestoration (0ms)
========================================================================
Worker process is ready to serve import requests
Begin MonoManager ReloadAssembly
- Loaded All Assemblies, in  0.809 seconds
Refreshing native plugins compatible for Editor in 8.43 ms, found 3 plugins.
Native extension for WindowsStandalone target not found
Mono: successfully reloaded assembly
- Finished resetting the current domain, in  0.768 seconds
Domain Reload Profiling: 1573ms
	BeginReloadAssembly (164ms)
		ExecutionOrderSort (0ms)
		DisableScriptedObjects (6ms)
		BackupInstance (0ms)
		ReleaseScriptingObjects (0ms)
		CreateAndSetChildDomain (23ms)
	RebuildCommonClasses (39ms)
	RebuildNativeTypeToScriptingClass (11ms)
	initialDomainReloadingComplete (86ms)
	LoadAllAssembliesAndSetupDomain (504ms)
		LoadAssemblies (387ms)
		RebuildTransferFunctionScriptingTraits (0ms)
		AnalyzeDomain (213ms)
			TypeCache.Refresh (175ms)
				TypeCache.ScanAssembly (161ms)
			ScanForSourceGeneratedMonoScriptInfo (23ms)
			ResolveRequiredComponents (11ms)
	FinalizeReload (769ms)
		ReleaseScriptCaches (0ms)
		RebuildScriptCaches (0ms)
		SetupLoadedEditorAssemblies (584ms)
			LogAssemblyErrors (0ms)
			InitializePlatformSupportModulesInManaged (7ms)
			SetLoadedEditorAssemblies (5ms)
			RefreshPlugins (0ms)
			BeforeProcessingInitializeOnLoad (90ms)
			ProcessInitializeOnLoadAttributes (394ms)
			ProcessInitializeOnLoadMethodAttributes (79ms)
			AfterProcessingInitializeOnLoad (9ms)
			EditorAssembliesLoaded (0ms)
		ExecutionOrderSort2 (0ms)
		AwakeInstancesAfterBackupRestoration (7ms)
Launched and connected shader compiler UnityShaderCompiler.exe after 0.05 seconds
Refreshing native plugins compatible for Editor in 6.25 ms, found 3 plugins.
Preloading 0 native plugins for Editor in 0.00 ms.
Unloading 5522 Unused Serialized files (Serialized files now loaded: 0)
Unloading 86 unused Assets / (1.9 MB). Loaded Objects now: 5975.
Memory consumption went from 250.5 MB to 248.6 MB.
Total: 3.889900 ms (FindLiveObjects: 0.492300 ms CreateObjectMapping: 0.143500 ms MarkObjects: 2.774500 ms  DeleteObjects: 0.478600 ms)

AssetImportParameters requested are different than current active one (requested -> active):
  custom:container-demuxer-ogg: 62fdf1f143b41e24485cea50d1cbac27 -> 
  custom:video-decoder-ogg-theora: a1e56fd34408186e4bbccfd4996cb3dc -> 
  custom:framework-win-MediaFoundation: 216162199b28c13a410421893ffa2e32 -> 
  custom:CustomObjectIndexerAttribute: 62b5816608c3102f162a1797e29626cf -> 
  custom:container-demuxer-webm: 4f35f7cbe854078d1ac9338744f61a02 -> 
  custom:container-muxer-webm: aa71ff27fc2769a1b78a27578f13a17b -> 
  custom:video-decoder-webm-vp8: 9c59270c3fd7afecdb556c50c9e8de78 -> 
  custom:SearchIndexIgnoredProperties: e643bd26f0fe6173181afceb89e7c659 -> 
  custom:AudioImporter_EditorPlatform: d09bf68614088b80899f8185d706f6e7 -> 
  custom:video-encoder-webm-vp8: eb34c28f22e8b96e1ab97ce403110664 -> 
  custom:audio-decoder-ogg-vorbis: bf7c407c2cedff20999df2af8eb42d56 -> 
  custom:audio-encoder-webm-vorbis: bf7c407c2cedff20999df2af8eb42d56 -> 
========================================================================
Received Import Request.
  Time since last request: 980664.679036 seconds.
  path: Assets/Unvik_3D/AshMoor/FBX/Grass_01.fbx
  artifactKey: Guid(485e62bbd3417c64daa7083c88a6f2c6) Importer(815301076,1909f56bfc062723c751e8b465ee728b)
Start importing Assets/Unvik_3D/AshMoor/FBX/Grass_01.fbx using Guid(485e62bbd3417c64daa7083c88a6f2c6) Importer(815301076,1909f56bfc062723c751e8b465ee728b)  -> (artifact id: '0876074a9fa19367ef9f6c8df1181ee9') in 0.404542 seconds
Number of updated asset objects reloaded before import = 0
Number of asset objects unloaded after import = 11
========================================================================
Received Import Request.
  Time since last request: 0.000052 seconds.
  path: Assets/Unvik_3D/AshMoor/FBX/roots_02.fbx
  artifactKey: Guid(a609af68e9150fe44aa3a3713417f827) Importer(815301076,1909f56bfc062723c751e8b465ee728b)
Start importing Assets/Unvik_3D/AshMoor/FBX/roots_02.fbx using Guid(a609af68e9150fe44aa3a3713417f827) Importer(815301076,1909f56bfc062723c751e8b465ee728b)  -> (artifact id: '08946e95595a89ed4f3f5d1fc1860b5e') in 0.034329 seconds
Number of updated asset objects reloaded before import = 0
Number of asset objects unloaded after import = 10
========================================================================
Received Import Request.
  Time since last request: 0.000034 seconds.
  path: Assets/Unvik_3D/AshMoor/FBX/Trunk_04.fbx
  artifactKey: Guid(3c80367ccde76684b850a80151f70953) Importer(815301076,1909f56bfc062723c751e8b465ee728b)
Start importing Assets/Unvik_3D/AshMoor/FBX/Trunk_04.fbx using Guid(3c80367ccde76684b850a80151f70953) Importer(815301076,1909f56bfc062723c751e8b465ee728b)  -> (artifact id: '77d12056ab1eae67a3a7fbffad6f1ebb') in 0.025677 seconds
Number of updated asset objects reloaded before import = 0
Number of asset objects unloaded after import = 10
========================================================================
Received Import Request.
  Time since last request: 0.000024 seconds.
  path: Assets/Unvik_3D/AshMoor/FBX/Tree_04.fbx
  artifactKey: Guid(0cf6fbfbf8f5878408bbb1e59e6eb640) Importer(815301076,1909f56bfc062723c751e8b465ee728b)
Start importing Assets/Unvik_3D/AshMoor/FBX/Tree_04.fbx using Guid(0cf6fbfbf8f5878408bbb1e59e6eb640) Importer(815301076,1909f56bfc062723c751e8b465ee728b)  -> (artifact id: 'c0c1550609743afcfa79cec448bf6ccc') in 0.025691 seconds
Number of updated asset objects reloaded before import = 0
Number of asset objects unloaded after import = 10
========================================================================
Received Import Request.
  Time since last request: 0.000024 seconds.
  path: Assets/Unvik_3D/AshMoor/FBX/Isle_01.fbx
  artifactKey: Guid(be1f2ac837436934e976aae78b7c36f6) Importer(815301076,1909f56bfc062723c751e8b465ee728b)
Start importing Assets/Unvik_3D/AshMoor/FBX/Isle_01.fbx using Guid(be1f2ac837436934e976aae78b7c36f6) Importer(815301076,1909f56bfc062723c751e8b465ee728b)  -> (artifact id: '7711c058ab184f9213b792b353c28481') in 0.029279 seconds
Number of updated asset objects reloaded before import = 0
Number of asset objects unloaded after import = 10
========================================================================
Received Import Request.
  Time since last request: 0.000028 seconds.
  path: Assets/Unvik_3D/AshMoor/FBX/Rock_03.fbx
  artifactKey: Guid(98082ddc05973fa4a91a901d93192a34) Importer(815301076,1909f56bfc062723c751e8b465ee728b)
Start importing Assets/Unvik_3D/AshMoor/FBX/Rock_03.fbx using Guid(98082ddc05973fa4a91a901d93192a34) Importer(815301076,1909f56bfc062723c751e8b465ee728b)  -> (artifact id: 'efae7fb2d623b5080bfbc147755f9f9f') in 0.027024 seconds
Number of updated asset objects reloaded before import = 0
Number of asset objects unloaded after import = 10
========================================================================
Received Import Request.
  Time since last request: 0.000027 seconds.
  path: Assets/Unvik_3D/AshMoor/FBX/Tree_02.fbx
  artifactKey: Guid(89562f136e7b5b749a78d470eb926513) Importer(815301076,1909f56bfc062723c751e8b465ee728b)
Start importing Assets/Unvik_3D/AshMoor/FBX/Tree_02.fbx using Guid(89562f136e7b5b749a78d470eb926513) Importer(815301076,1909f56bfc062723c751e8b465ee728b)  -> (artifact id: 'bbb26f399e139a759167c2eaa84c36ad') in 0.034239 seconds
Number of updated asset objects reloaded before import = 0
Number of asset objects unloaded after import = 10
========================================================================
Received Import Request.
  Time since last request: 0.000026 seconds.
  path: Assets/Unvik_3D/AshMoor/FBX/Trunk_02.fbx
  artifactKey: Guid(c43c055d77c369542bad18920816082d) Importer(815301076,1909f56bfc062723c751e8b465ee728b)
Start importing Assets/Unvik_3D/AshMoor/FBX/Trunk_02.fbx using Guid(c43c055d77c369542bad18920816082d) Importer(815301076,1909f56bfc062723c751e8b465ee728b)  -> (artifact id: '7968f836605527325dd0b1543e003b23') in 0.030431 seconds
Number of updated asset objects reloaded before import = 0
Number of asset objects unloaded after import = 10
========================================================================
Received Import Request.
  Time since last request: 0.000059 seconds.
  path: Assets/Unvik_3D/AshMoor/FBX/Mushrooms.fbx
  artifactKey: Guid(d1483e5761aa23d4aa7bfd706e5a38b1) Importer(815301076,1909f56bfc062723c751e8b465ee728b)
Start importing Assets/Unvik_3D/AshMoor/FBX/Mushrooms.fbx using Guid(d1483e5761aa23d4aa7bfd706e5a38b1) Importer(815301076,1909f56bfc062723c751e8b465ee728b)  -> (artifact id: 'd103db9edbfa03ecba9fb460e65d21c1') in 0.033891 seconds
Number of updated asset objects reloaded before import = 0
Number of asset objects unloaded after import = 10
Editor requested this worker to shutdown with reason: Scaling down because of idle timeout
TcpMessagingSession - receive error: operation aborted. errorcode: 995, details: The I/O operation has been aborted because of either a thread exit or an application request.
AssetImportWorker is now disconnected from the server
Process exiting
Exiting without the bug reporter. Application will terminate with return code 0