Using pre-set license
Built from '2022.3/release' branch; Version is '2022.3.18f1 (d29bea25151d) revision 13802474'; Using compiler version '192829333'; Build Type 'Release'
OS: 'Windows 11  (10.0.26200) 64bit Education' Language: 'en' Physical Memory: 32660 MB
BatchMode: 1, IsHumanControllingUs: 0, StartBugReporterOnCrash: 0, Is64bit: 1, IsPro: 1

COMMAND LINE ARGUMENTS:
C:\Program Files\Unity\Hub\Editor\2022.3.18f1\Editor\Unity.exe
-adb2
-batchMode
-noUpm
-name
AssetImportWorker5
-projectPath
C:/Users/Bandit Game Studio/FixedCameraDemo
-logFile
Logs/AssetImportWorker5.log
-srvPort
59427
Successfully changed project path to: C:/Users/Bandit Game Studio/FixedCameraDemo
C:/Users/Bandit Game Studio/FixedCameraDemo
[UnityMemory] Configuration Parameters - Can be set up in boot.config
    "memorysetup-bucket-allocator-granularity=16"
    "memorysetup-bucket-allocator-bucket-count=8"
    "memorysetup-bucket-allocator-block-size=33554432"
    "memorysetup-bucket-allocator-block-count=8"
    "memorysetup-main-allocator-block-size=16777216"
    "memorysetup-thread-allocator-block-size=16777216"
    "memorysetup-gfx-main-allocator-block-size=16777216"
    "memorysetup-gfx-thread-allocator-block-size=16777216"
    "memorysetup-cache-allocator-block-size=4194304"
    "memorysetup-typetree-allocator-block-size=2097152"
    "memorysetup-profiler-bucket-allocator-granularity=16"
    "memorysetup-profiler-bucket-allocator-bucket-count=8"
    "memorysetup-profiler-bucket-allocator-block-size=33554432"
    "memorysetup-profiler-bucket-allocator-block-count=8"
    "memorysetup-profiler-allocator-block-size=16777216"
    "memorysetup-profiler-editor-allocator-block-size=1048576"
    "memorysetup-temp-allocator-size-main=16777216"
    "memorysetup-job-temp-allocator-block-size=2097152"
    "memorysetup-job-temp-allocator-block-size-background=1048576"
    "memorysetup-job-temp-allocator-reduction-small-platforms=262144"
    "memorysetup-allocator-temp-initial-block-size-main=262144"
    "memorysetup-allocator-temp-initial-block-size-worker=262144"
    "memorysetup-temp-allocator-size-background-worker=32768"
    "memorysetup-temp-allocator-size-job-worker=262144"
    "memorysetup-temp-allocator-size-preload-manager=33554432"
    "memorysetup-temp-allocator-size-nav-mesh-worker=65536"
    "memorysetup-temp-allocator-size-audio-worker=65536"
    "memorysetup-temp-allocator-size-cloud-worker=32768"
    "memorysetup-temp-allocator-size-gi-baking-worker=262144"
    "memorysetup-temp-allocator-size-gfx=262144"
Player connection [35808] Host "[IP] 129.108.79.64 [Port] 0 [Flags] 2 [Guid] 2105382818 [EditorId] 2105382818 [Version] 1048832 [Id] WindowsEditor(7,DESKTOP-7CMUL8F) [Debug] 1 [PackageName] WindowsEditor [ProjectName] Editor" joined multi-casting on [225.0.0.222:54997]...

Player connection [35808] Host "[IP] 129.108.79.64 [Port] 0 [Flags] 2 [Guid] 2105382818 [EditorId] 2105382818 [Version] 1048832 [Id] WindowsEditor(7,DESKTOP-7CMUL8F) [Debug] 1 [PackageName] WindowsEditor [ProjectName] Editor" joined alternative multi-casting on [225.0.0.222:34997]...

[Physics::Module] Initialized MultithreadedJobDispatcher with 15 workers.
Refreshing native plugins compatible for Editor in 17.52 ms, found 3 plugins.
Preloading 0 native plugins for Editor in 0.00 ms.
Initialize engine version: 2022.3.18f1 (d29bea25151d)
[Subsystems] Discovering subsystems at path C:/Program Files/Unity/Hub/Editor/2022.3.18f1/Editor/Data/Resources/UnitySubsystems
[Subsystems] Discovering subsystems at path C:/Users/Bandit Game Studio/FixedCameraDemo/Assets
GfxDevice: creating device client; threaded=0; jobified=0
Direct3D:
    Version:  Direct3D 11.0 [level 11.1]
    Renderer: AMD Radeon RX 5700 XT (ID=0x731f)
    Vendor:   ATI
    VRAM:     8150 MB
    Driver:   32.0.21030.2001
Initialize mono
Mono path[0] = 'C:/Program Files/Unity/Hub/Editor/2022.3.18f1/Editor/Data/Managed'
Mono path[1] = 'C:/Program Files/Unity/Hub/Editor/2022.3.18f1/Editor/Data/MonoBleedingEdge/lib/mono/unityjit-win32'
Mono config path = 'C:/Program Files/Unity/Hub/Editor/2022.3.18f1/Editor/Data/MonoBleedingEdge/etc'
Using monoOptions --debugger-agent=transport=dt_socket,embedding=1,server=y,suspend=n,address=127.0.0.1:56504
Begin MonoManager ReloadAssembly
Registering precompiled unity dll's ...
Register platform support module: C:/Program Files/Unity/Hub/Editor/2022.3.18f1/Editor/Data/PlaybackEngines/WindowsStandaloneSupport/UnityEditor.WindowsStandalone.Extensions.dll
Registered in 0.008808 seconds.
- Loaded All Assemblies, in  0.409 seconds
Native extension for WindowsStandalone target not found
Mono: successfully reloaded assembly
- Finished resetting the current domain, in  0.315 seconds
Domain Reload Profiling: 722ms
	BeginReloadAssembly (125ms)
		ExecutionOrderSort (0ms)
		DisableScriptedObjects (0ms)
		BackupInstance (0ms)
		ReleaseScriptingObjects (0ms)
		CreateAndSetChildDomain (1ms)
	RebuildCommonClasses (43ms)
	RebuildNativeTypeToScriptingClass (11ms)
	initialDomainReloadingComplete (72ms)
	LoadAllAssembliesAndSetupDomain (155ms)
		LoadAssemblies (122ms)
		RebuildTransferFunctionScriptingTraits (0ms)
		AnalyzeDomain (153ms)
			TypeCache.Refresh (151ms)
				TypeCache.ScanAssembly (136ms)
			ScanForSourceGeneratedMonoScriptInfo (0ms)
			ResolveRequiredComponents (1ms)
	FinalizeReload (316ms)
		ReleaseScriptCaches (0ms)
		RebuildScriptCaches (0ms)
		SetupLoadedEditorAssemblies (250ms)
			LogAssemblyErrors (0ms)
			InitializePlatformSupportModulesInManaged (11ms)
			SetLoadedEditorAssemblies (8ms)
			RefreshPlugins (0ms)
			BeforeProcessingInitializeOnLoad (2ms)
			ProcessInitializeOnLoadAttributes (174ms)
			ProcessInitializeOnLoadMethodAttributes (55ms)
			AfterProcessingInitializeOnLoad (0ms)
			EditorAssembliesLoaded (0ms)
		ExecutionOrderSort2 (0ms)
		AwakeInstancesAfterBackupRestoration (0ms)
========================================================================
Worker process is ready to serve import requests
Begin MonoManager ReloadAssembly
- Loaded All Assemblies, in  0.872 seconds
Refreshing native plugins compatible for Editor in 6.49 ms, found 3 plugins.
Native extension for WindowsStandalone target not found
Mono: successfully reloaded assembly
- Finished resetting the current domain, in  0.817 seconds
Domain Reload Profiling: 1686ms
	BeginReloadAssembly (166ms)
		ExecutionOrderSort (0ms)
		DisableScriptedObjects (7ms)
		BackupInstance (0ms)
		ReleaseScriptingObjects (0ms)
		CreateAndSetChildDomain (23ms)
	RebuildCommonClasses (41ms)
	RebuildNativeTypeToScriptingClass (12ms)
	initialDomainReloadingComplete (92ms)
	LoadAllAssembliesAndSetupDomain (557ms)
		LoadAssemblies (424ms)
		RebuildTransferFunctionScriptingTraits (0ms)
		AnalyzeDomain (228ms)
			TypeCache.Refresh (189ms)
				TypeCache.ScanAssembly (176ms)
			ScanForSourceGeneratedMonoScriptInfo (25ms)
			ResolveRequiredComponents (12ms)
	FinalizeReload (817ms)
		ReleaseScriptCaches (0ms)
		RebuildScriptCaches (0ms)
		SetupLoadedEditorAssemblies (619ms)
			LogAssemblyErrors (0ms)
			InitializePlatformSupportModulesInManaged (7ms)
			SetLoadedEditorAssemblies (5ms)
			RefreshPlugins (0ms)
			BeforeProcessingInitializeOnLoad (92ms)
			ProcessInitializeOnLoadAttributes (424ms)
			ProcessInitializeOnLoadMethodAttributes (80ms)
			AfterProcessingInitializeOnLoad (9ms)
			EditorAssembliesLoaded (0ms)
		ExecutionOrderSort2 (0ms)
		AwakeInstancesAfterBackupRestoration (8ms)
Launched and connected shader compiler UnityShaderCompiler.exe after 0.04 seconds
Refreshing native plugins compatible for Editor in 6.43 ms, found 3 plugins.
Preloading 0 native plugins for Editor in 0.00 ms.
Unloading 5530 Unused Serialized files (Serialized files now loaded: 0)
Unloading 86 unused Assets / (1.9 MB). Loaded Objects now: 5982.
Memory consumption went from 253.1 MB to 251.2 MB.
Total: 5.258200 ms (FindLiveObjects: 0.498800 ms CreateObjectMapping: 0.157100 ms MarkObjects: 4.086000 ms  DeleteObjects: 0.515100 ms)

AssetImportParameters requested are different than current active one (requested -> active):
  custom:container-demuxer-ogg: 62fdf1f143b41e24485cea50d1cbac27 -> 
  custom:video-decoder-ogg-theora: a1e56fd34408186e4bbccfd4996cb3dc -> 
  custom:framework-win-MediaFoundation: 216162199b28c13a410421893ffa2e32 -> 
  custom:CustomObjectIndexerAttribute: 62b5816608c3102f162a1797e29626cf -> 
  custom:container-demuxer-webm: 4f35f7cbe854078d1ac9338744f61a02 -> 
  custom:container-muxer-webm: aa71ff27fc2769a1b78a27578f13a17b -> 
  custom:video-decoder-webm-vp8: 9c59270c3fd7afecdb556c50c9e8de78 -> 
  custom:SearchIndexIgnoredProperties: e643bd26f0fe6173181afceb89e7c659 -> 
  custom:AudioImporter_EditorPlatform: d09bf68614088b80899f8185d706f6e7 -> 
  custom:video-encoder-webm-vp8: eb34c28f22e8b96e1ab97ce403110664 -> 
  custom:audio-decoder-ogg-vorbis: bf7c407c2cedff20999df2af8eb42d56 -> 
  custom:audio-encoder-webm-vorbis: bf7c407c2cedff20999df2af8eb42d56 -> 
========================================================================
Received Import Request.
  Time since last request: 977569.202406 seconds.
  path: Assets/Almgp_unity5_ice/textures/peble/2.png
  artifactKey: Guid(d7c822d1d0778454da344071353f4e98) Importer(815301076,1909f56bfc062723c751e8b465ee728b)
Start importing Assets/Almgp_unity5_ice/textures/peble/2.png using Guid(d7c822d1d0778454da344071353f4e98) Importer(815301076,1909f56bfc062723c751e8b465ee728b)  -> (artifact id: 'a1b4a0ac08b21ede9d0cb07573855a93') in 0.094702 seconds
Number of updated asset objects reloaded before import = 0
Number of asset objects unloaded after import = 2
========================================================================
Received Import Request.
  Time since last request: 0.000030 seconds.
  path: Assets/Almgp_unity5_ice/textures/peble/peble_normals.tga
  artifactKey: Guid(ddeb70fd864cfb341a80c8db78c414c9) Importer(815301076,1909f56bfc062723c751e8b465ee728b)
Start importing Assets/Almgp_unity5_ice/textures/peble/peble_normals.tga using Guid(ddeb70fd864cfb341a80c8db78c414c9) Importer(815301076,1909f56bfc062723c751e8b465ee728b)  -> (artifact id: 'f71b62017005a37c4e0abda1e8c13e3c') in 0.062829 seconds
Number of updated asset objects reloaded before import = 0
Number of asset objects unloaded after import = 2
========================================================================
Received Import Request.
  Time since last request: 0.000049 seconds.
  path: Assets/Almgp_unity5_ice/textures/peble/peble_heights.tga
  artifactKey: Guid(ccfa4918dce8b474c800635a8ea7148c) Importer(815301076,1909f56bfc062723c751e8b465ee728b)
Start importing Assets/Almgp_unity5_ice/textures/peble/peble_heights.tga using Guid(ccfa4918dce8b474c800635a8ea7148c) Importer(815301076,1909f56bfc062723c751e8b465ee728b)  -> (artifact id: 'ab3185636d895a93efbd832020a0ee72') in 0.024312 seconds
Number of updated asset objects reloaded before import = 0
Number of asset objects unloaded after import = 2
========================================================================
Received Import Request.
  Time since last request: 0.000028 seconds.
  path: Assets/Almgp_unity5_ice/textures/peble/6.png
  artifactKey: Guid(14d2cd5360c45b04f937896aeb5182c3) Importer(815301076,1909f56bfc062723c751e8b465ee728b)
Start importing Assets/Almgp_unity5_ice/textures/peble/6.png using Guid(14d2cd5360c45b04f937896aeb5182c3) Importer(815301076,1909f56bfc062723c751e8b465ee728b)  -> (artifact id: 'e206b60980edf56b216c4fd7e819c728') in 0.025427 seconds
Number of updated asset objects reloaded before import = 0
Number of asset objects unloaded after import = 2
========================================================================
Received Import Request.
  Time since last request: 0.493402 seconds.
  path: Assets/Almgp_unity5_ice/textures/stone/stone_albedo.tga
  artifactKey: Guid(5ef1616415d3b5a4cb3e480c3f0ed9d8) Importer(815301076,1909f56bfc062723c751e8b465ee728b)
Start importing Assets/Almgp_unity5_ice/textures/stone/stone_albedo.tga using Guid(5ef1616415d3b5a4cb3e480c3f0ed9d8) Importer(815301076,1909f56bfc062723c751e8b465ee728b)  -> (artifact id: '041617b60655dd9ca9c1bf6e4fd40e2d') in 0.028716 seconds
Number of updated asset objects reloaded before import = 0
Number of asset objects unloaded after import = 2
========================================================================
Received Import Request.
  Time since last request: 0.000027 seconds.
  path: Assets/Almgp_unity5_ice/textures/stone/stone_heights.tga
  artifactKey: Guid(627bf3adee3d7594f81bbb8fa782df06) Importer(815301076,1909f56bfc062723c751e8b465ee728b)
Start importing Assets/Almgp_unity5_ice/textures/stone/stone_heights.tga using Guid(627bf3adee3d7594f81bbb8fa782df06) Importer(815301076,1909f56bfc062723c751e8b465ee728b)  -> (artifact id: '75d46936d24ecd25344c1df6dfe41bc9') in 0.028575 seconds
Number of updated asset objects reloaded before import = 0
Number of asset objects unloaded after import = 2
========================================================================
Received Import Request.
  Time since last request: 0.000023 seconds.
  path: Assets/Almgp_unity5_ice/textures/stone/stone_albedo2.tga
  artifactKey: Guid(c070a25c40405554b9c1ed06b81e0f0a) Importer(815301076,1909f56bfc062723c751e8b465ee728b)
Start importing Assets/Almgp_unity5_ice/textures/stone/stone_albedo2.tga using Guid(c070a25c40405554b9c1ed06b81e0f0a) Importer(815301076,1909f56bfc062723c751e8b465ee728b)  -> (artifact id: '6b25ce91b8e8cd9f0fd482357413ff1e') in 0.029747 seconds
Number of updated asset objects reloaded before import = 0
Number of asset objects unloaded after import = 2
========================================================================
Received Import Request.
  Time since last request: 3.654380 seconds.
  path: Assets/Almgp_unity5_ice/textures/atmos/stmos2.png
  artifactKey: Guid(59bbe92554b06594eb1660f130161dc2) Importer(815301076,1909f56bfc062723c751e8b465ee728b)
Start importing Assets/Almgp_unity5_ice/textures/atmos/stmos2.png using Guid(59bbe92554b06594eb1660f130161dc2) Importer(815301076,1909f56bfc062723c751e8b465ee728b)  -> (artifact id: 'ebb32c54cf5fd44f68dacfcba4b82f5a') in 0.024006 seconds
Number of updated asset objects reloaded before import = 0
Number of asset objects unloaded after import = 2
========================================================================
Received Import Request.
  Time since last request: 0.000020 seconds.
  path: Assets/Almgp_unity5_ice/textures/atmos/stmos3.png
  artifactKey: Guid(d61840569a2b46f45999072222eebdfc) Importer(815301076,1909f56bfc062723c751e8b465ee728b)
Start importing Assets/Almgp_unity5_ice/textures/atmos/stmos3.png using Guid(d61840569a2b46f45999072222eebdfc) Importer(815301076,1909f56bfc062723c751e8b465ee728b)  -> (artifact id: 'd60f5c738df2068cc9a66d055344af7c') in 0.021605 seconds
Number of updated asset objects reloaded before import = 0
Number of asset objects unloaded after import = 2
========================================================================
Received Import Request.
  Time since last request: 1.275004 seconds.
  path: Assets/Almgp_unity5_ice/textures/fractal/Cell_fractal_mask_ao.png
  artifactKey: Guid(09189f48a1170314e933b98861c8dec0) Importer(815301076,1909f56bfc062723c751e8b465ee728b)
Start importing Assets/Almgp_unity5_ice/textures/fractal/Cell_fractal_mask_ao.png using Guid(09189f48a1170314e933b98861c8dec0) Importer(815301076,1909f56bfc062723c751e8b465ee728b)  -> (artifact id: 'd65bbdef54094327ce0c8f58235424a6') in 0.028929 seconds
Number of updated asset objects reloaded before import = 0
Number of asset objects unloaded after import = 2
========================================================================
Received Import Request.
  Time since last request: 0.000031 seconds.
  path: Assets/Almgp_unity5_ice/textures/fractal/dent_fractal_mask.png
  artifactKey: Guid(dcc4128bbd604eb40b3c13294ba1e985) Importer(815301076,1909f56bfc062723c751e8b465ee728b)
Start importing Assets/Almgp_unity5_ice/textures/fractal/dent_fractal_mask.png using Guid(dcc4128bbd604eb40b3c13294ba1e985) Importer(815301076,1909f56bfc062723c751e8b465ee728b)  -> (artifact id: 'd9cbd372fc47f96ee9d1df5e0e8574a5') in 0.031361 seconds
Number of updated asset objects reloaded before import = 0
Number of asset objects unloaded after import = 2
========================================================================
Received Import Request.
  Time since last request: 3.316477 seconds.
  path: Assets/Almgp_unity5_ice/textures/grass/grass_diff3.tga
  artifactKey: Guid(21bf6358acfe86e4cb6f2d053685d59d) Importer(815301076,1909f56bfc062723c751e8b465ee728b)
Start importing Assets/Almgp_unity5_ice/textures/grass/grass_diff3.tga using Guid(21bf6358acfe86e4cb6f2d053685d59d) Importer(815301076,1909f56bfc062723c751e8b465ee728b)  -> (artifact id: 'dc09bd35051bc62225713385ecdbcae0') in 0.032178 seconds
Number of updated asset objects reloaded before import = 0
Number of asset objects unloaded after import = 2
========================================================================
Received Import Request.
  Time since last request: 39.397719 seconds.
  path: Assets/Almgp_unity5_ice/materials/metal/cuprum.mat
  artifactKey: Guid(e76f21ea67d5bf64396199a9d40cd2b5) Importer(815301076,1909f56bfc062723c751e8b465ee728b)
Start importing Assets/Almgp_unity5_ice/materials/metal/cuprum.mat using Guid(e76f21ea67d5bf64396199a9d40cd2b5) Importer(815301076,1909f56bfc062723c751e8b465ee728b)  -> (artifact id: '60c34d1cbc87c8b3ff96acd025d58c80') in 1.426434 seconds
Number of updated asset objects reloaded before import = 0
Number of asset objects unloaded after import = 4
========================================================================
Received Import Request.
  Time since last request: 0.000050 seconds.
  path: Assets/Almgp_unity5_ice/materials/peble/7.mat
  artifactKey: Guid(b1dba892bdac06f4a9b15ca00dfd5655) Importer(815301076,1909f56bfc062723c751e8b465ee728b)
Start importing Assets/Almgp_unity5_ice/materials/peble/7.mat using Guid(b1dba892bdac06f4a9b15ca00dfd5655) Importer(815301076,1909f56bfc062723c751e8b465ee728b)  -> (artifact id: '6dc917080b2566ede8bfc22ce0006711') in 1.934189 seconds
Number of updated asset objects reloaded before import = 0
Number of asset objects unloaded after import = 7
========================================================================
Received Import Request.
  Time since last request: 23.811895 seconds.
  path: Assets/Almgp_unity5_ice/materials/stone/mossy_red 2.mat
  artifactKey: Guid(3fad3c2224fc98d418988e283796655f) Importer(815301076,1909f56bfc062723c751e8b465ee728b)
Start importing Assets/Almgp_unity5_ice/materials/stone/mossy_red 2.mat using Guid(3fad3c2224fc98d418988e283796655f) Importer(815301076,1909f56bfc062723c751e8b465ee728b)  -> (artifact id: '11ea63cfb4f21ba03bf94c6640ab7d9d') in 0.068321 seconds
Number of updated asset objects reloaded before import = 0
Number of asset objects unloaded after import = 9
========================================================================
Received Import Request.
  Time since last request: 1.110751 seconds.
  path: Assets/Almgp_unity5_ice/materials/tree/Cell_fractal_wood 2.mat
  artifactKey: Guid(055d090ec151cf64fa3aa8795b1a89ae) Importer(815301076,1909f56bfc062723c751e8b465ee728b)
Start importing Assets/Almgp_unity5_ice/materials/tree/Cell_fractal_wood 2.mat using Guid(055d090ec151cf64fa3aa8795b1a89ae) Importer(815301076,1909f56bfc062723c751e8b465ee728b)  -> (artifact id: '5ef370ddadfe7405ddf22994b932876c') in 0.064096 seconds
Number of updated asset objects reloaded before import = 0
Number of asset objects unloaded after import = 8
========================================================================
Received Import Request.
  Time since last request: 37.997375 seconds.
  path: Assets/Almgp_unity5_ice/materials/peble/6.mat
  artifactKey: Guid(5571fa8deb76c7f42bafb8946af07292) Importer(815301076,1909f56bfc062723c751e8b465ee728b)
Start importing Assets/Almgp_unity5_ice/materials/peble/6.mat using Guid(5571fa8deb76c7f42bafb8946af07292) Importer(815301076,1909f56bfc062723c751e8b465ee728b)  -> (artifact id: '25583089fefb502dc06bef3eedf1abd5') in 0.041418 seconds
Number of updated asset objects reloaded before import = 0
Number of asset objects unloaded after import = 7
========================================================================
Received Import Request.
  Time since last request: 9.706488 seconds.
  path: Assets/Almgp_unity5_ice/prefabs/foliage/leaf/leaf_red2_lod0.prefab
  artifactKey: Guid(fc5eab7c976de684b92cfbd0a6b3cd4e) Importer(815301076,1909f56bfc062723c751e8b465ee728b)
Start importing Assets/Almgp_unity5_ice/prefabs/foliage/leaf/leaf_red2_lod0.prefab using Guid(fc5eab7c976de684b92cfbd0a6b3cd4e) Importer(815301076,1909f56bfc062723c751e8b465ee728b)  -> (artifact id: 'a92fb88580d571451f2f4f60cf629a73') in 0.081632 seconds
Number of updated asset objects reloaded before import = 0
Number of asset objects unloaded after import = 29
========================================================================
Received Import Request.
  Time since last request: 0.000028 seconds.
  path: Assets/Almgp_unity5_ice/prefabs/foliage/leaf/leaf_yelow_lod0.prefab
  artifactKey: Guid(88e3ffdb6c41e984588ab5eec032cb07) Importer(815301076,1909f56bfc062723c751e8b465ee728b)
Start importing Assets/Almgp_unity5_ice/prefabs/foliage/leaf/leaf_yelow_lod0.prefab using Guid(88e3ffdb6c41e984588ab5eec032cb07) Importer(815301076,1909f56bfc062723c751e8b465ee728b)  -> (artifact id: '148e481cb407ce41e97cc0c1b25bb909') in 0.061991 seconds
Number of updated asset objects reloaded before import = 0
Number of asset objects unloaded after import = 29
========================================================================
Received Import Request.
  Time since last request: 1.062964 seconds.
  path: Assets/Almgp_unity5_ice/prefabs/foliage/leaf/effect/Leaf_fall_3.prefab
  artifactKey: Guid(ba65299fc5aa00f40985a1df66430c46) Importer(815301076,1909f56bfc062723c751e8b465ee728b)
Start importing Assets/Almgp_unity5_ice/prefabs/foliage/leaf/effect/Leaf_fall_3.prefab using Guid(ba65299fc5aa00f40985a1df66430c46) Importer(815301076,1909f56bfc062723c751e8b465ee728b)  -> (artifact id: 'f8b993599f924be84656d0c3879518bf') in 0.034381 seconds
Number of updated asset objects reloaded before import = 0
Number of asset objects unloaded after import = 9
========================================================================
Received Import Request.
  Time since last request: 0.000026 seconds.
  path: Assets/Almgp_unity5_ice/prefabs/foliage/leaf/effect/Leaf_fall_8.prefab
  artifactKey: Guid(c61773241de578f43ac04c9be4902aff) Importer(815301076,1909f56bfc062723c751e8b465ee728b)
Start importing Assets/Almgp_unity5_ice/prefabs/foliage/leaf/effect/Leaf_fall_8.prefab using Guid(c61773241de578f43ac04c9be4902aff) Importer(815301076,1909f56bfc062723c751e8b465ee728b)  -> (artifact id: '2448023105a371f9443d33f8b23e880a') in 0.023110 seconds
Number of updated asset objects reloaded before import = 0
Number of asset objects unloaded after import = 8
========================================================================
Received Import Request.
  Time since last request: 0.000022 seconds.
  path: Assets/Almgp_unity5_ice/prefabs/foliage/leaf/effect/Leaf_fall_7 1.prefab
  artifactKey: Guid(689865b9a99ffaa4a9578931b41ebbfb) Importer(815301076,1909f56bfc062723c751e8b465ee728b)
Start importing Assets/Almgp_unity5_ice/prefabs/foliage/leaf/effect/Leaf_fall_7 1.prefab using Guid(689865b9a99ffaa4a9578931b41ebbfb) Importer(815301076,1909f56bfc062723c751e8b465ee728b)  -> (artifact id: '30ab6f83dafdbd048fd37f289e881b60') in 0.027674 seconds
Number of updated asset objects reloaded before import = 0
Number of asset objects unloaded after import = 9
Editor requested this worker to shutdown with reason: Scaling down because of idle timeout
TcpMessagingSession - receive error: operation aborted. errorcode: 995, details: The I/O operation has been aborted because of either a thread exit or an application request.
AssetImportWorker is now disconnected from the server
Process exiting
Exiting without the bug reporter. Application will terminate with return code 0