Using pre-set license
Built from '2022.3/release' branch; Version is '2022.3.18f1 (d29bea25151d) revision 13802474'; Using compiler version '192829333'; Build Type 'Release'
OS: 'Windows 11  (10.0.26200) 64bit Education' Language: 'en' Physical Memory: 32660 MB
BatchMode: 1, IsHumanControllingUs: 0, StartBugReporterOnCrash: 0, Is64bit: 1, IsPro: 1

COMMAND LINE ARGUMENTS:
C:\Program Files\Unity\Hub\Editor\2022.3.18f1\Editor\Unity.exe
-adb2
-batchMode
-noUpm
-name
AssetImportWorker10
-projectPath
C:/Users/Bandit Game Studio/FixedCameraDemo
-logFile
Logs/AssetImportWorker10.log
-srvPort
59427
Successfully changed project path to: C:/Users/Bandit Game Studio/FixedCameraDemo
C:/Users/Bandit Game Studio/FixedCameraDemo
[UnityMemory] Configuration Parameters - Can be set up in boot.config
    "memorysetup-bucket-allocator-granularity=16"
    "memorysetup-bucket-allocator-bucket-count=8"
    "memorysetup-bucket-allocator-block-size=33554432"
    "memorysetup-bucket-allocator-block-count=8"
    "memorysetup-main-allocator-block-size=16777216"
    "memorysetup-thread-allocator-block-size=16777216"
    "memorysetup-gfx-main-allocator-block-size=16777216"
    "memorysetup-gfx-thread-allocator-block-size=16777216"
    "memorysetup-cache-allocator-block-size=4194304"
    "memorysetup-typetree-allocator-block-size=2097152"
    "memorysetup-profiler-bucket-allocator-granularity=16"
    "memorysetup-profiler-bucket-allocator-bucket-count=8"
    "memorysetup-profiler-bucket-allocator-block-size=33554432"
    "memorysetup-profiler-bucket-allocator-block-count=8"
    "memorysetup-profiler-allocator-block-size=16777216"
    "memorysetup-profiler-editor-allocator-block-size=1048576"
    "memorysetup-temp-allocator-size-main=16777216"
    "memorysetup-job-temp-allocator-block-size=2097152"
    "memorysetup-job-temp-allocator-block-size-background=1048576"
    "memorysetup-job-temp-allocator-reduction-small-platforms=262144"
    "memorysetup-allocator-temp-initial-block-size-main=262144"
    "memorysetup-allocator-temp-initial-block-size-worker=262144"
    "memorysetup-temp-allocator-size-background-worker=32768"
    "memorysetup-temp-allocator-size-job-worker=262144"
    "memorysetup-temp-allocator-size-preload-manager=33554432"
    "memorysetup-temp-allocator-size-nav-mesh-worker=65536"
    "memorysetup-temp-allocator-size-audio-worker=65536"
    "memorysetup-temp-allocator-size-cloud-worker=32768"
    "memorysetup-temp-allocator-size-gi-baking-worker=262144"
    "memorysetup-temp-allocator-size-gfx=262144"
Player connection [11256] Host "[IP] 129.108.79.64 [Port] 0 [Flags] 2 [Guid] 1833532536 [EditorId] 1833532536 [Version] 1048832 [Id] WindowsEditor(7,DESKTOP-7CMUL8F) [Debug] 1 [PackageName] WindowsEditor [ProjectName] Editor" joined multi-casting on [225.0.0.222:54997]...

Player connection [11256] Host "[IP] 129.108.79.64 [Port] 0 [Flags] 2 [Guid] 1833532536 [EditorId] 1833532536 [Version] 1048832 [Id] WindowsEditor(7,DESKTOP-7CMUL8F) [Debug] 1 [PackageName] WindowsEditor [ProjectName] Editor" joined alternative multi-casting on [225.0.0.222:34997]...

[Physics::Module] Initialized MultithreadedJobDispatcher with 15 workers.
Refreshing native plugins compatible for Editor in 24.68 ms, found 3 plugins.
Preloading 0 native plugins for Editor in 0.00 ms.
Initialize engine version: 2022.3.18f1 (d29bea25151d)
[Subsystems] Discovering subsystems at path C:/Program Files/Unity/Hub/Editor/2022.3.18f1/Editor/Data/Resources/UnitySubsystems
[Subsystems] Discovering subsystems at path C:/Users/Bandit Game Studio/FixedCameraDemo/Assets
GfxDevice: creating device client; threaded=0; jobified=0
Direct3D:
    Version:  Direct3D 11.0 [level 11.1]
    Renderer: AMD Radeon RX 5700 XT (ID=0x731f)
    Vendor:   ATI
    VRAM:     8150 MB
    Driver:   32.0.21030.2001
Initialize mono
Mono path[0] = 'C:/Program Files/Unity/Hub/Editor/2022.3.18f1/Editor/Data/Managed'
Mono path[1] = 'C:/Program Files/Unity/Hub/Editor/2022.3.18f1/Editor/Data/MonoBleedingEdge/lib/mono/unityjit-win32'
Mono config path = 'C:/Program Files/Unity/Hub/Editor/2022.3.18f1/Editor/Data/MonoBleedingEdge/etc'
Using monoOptions --debugger-agent=transport=dt_socket,embedding=1,server=y,suspend=n,address=127.0.0.1:56368
Begin MonoManager ReloadAssembly
Registering precompiled unity dll's ...
Register platform support module: C:/Program Files/Unity/Hub/Editor/2022.3.18f1/Editor/Data/PlaybackEngines/WindowsStandaloneSupport/UnityEditor.WindowsStandalone.Extensions.dll
Registered in 0.009071 seconds.
- Loaded All Assemblies, in  0.408 seconds
Native extension for WindowsStandalone target not found
Mono: successfully reloaded assembly
- Finished resetting the current domain, in  0.309 seconds
Domain Reload Profiling: 715ms
	BeginReloadAssembly (124ms)
		ExecutionOrderSort (0ms)
		DisableScriptedObjects (0ms)
		BackupInstance (0ms)
		ReleaseScriptingObjects (0ms)
		CreateAndSetChildDomain (1ms)
	RebuildCommonClasses (39ms)
	RebuildNativeTypeToScriptingClass (12ms)
	initialDomainReloadingComplete (69ms)
	LoadAllAssembliesAndSetupDomain (161ms)
		LoadAssemblies (121ms)
		RebuildTransferFunctionScriptingTraits (0ms)
		AnalyzeDomain (159ms)
			TypeCache.Refresh (157ms)
				TypeCache.ScanAssembly (142ms)
			ScanForSourceGeneratedMonoScriptInfo (0ms)
			ResolveRequiredComponents (1ms)
	FinalizeReload (310ms)
		ReleaseScriptCaches (0ms)
		RebuildScriptCaches (0ms)
		SetupLoadedEditorAssemblies (246ms)
			LogAssemblyErrors (0ms)
			InitializePlatformSupportModulesInManaged (10ms)
			SetLoadedEditorAssemblies (9ms)
			RefreshPlugins (0ms)
			BeforeProcessingInitializeOnLoad (2ms)
			ProcessInitializeOnLoadAttributes (169ms)
			ProcessInitializeOnLoadMethodAttributes (56ms)
			AfterProcessingInitializeOnLoad (0ms)
			EditorAssembliesLoaded (0ms)
		ExecutionOrderSort2 (0ms)
		AwakeInstancesAfterBackupRestoration (0ms)
========================================================================
Worker process is ready to serve import requests
Begin MonoManager ReloadAssembly
- Loaded All Assemblies, in  0.883 seconds
Refreshing native plugins compatible for Editor in 6.32 ms, found 3 plugins.
Native extension for WindowsStandalone target not found
Mono: successfully reloaded assembly
- Finished resetting the current domain, in  0.794 seconds
Domain Reload Profiling: 1673ms
	BeginReloadAssembly (177ms)
		ExecutionOrderSort (0ms)
		DisableScriptedObjects (7ms)
		BackupInstance (0ms)
		ReleaseScriptingObjects (0ms)
		CreateAndSetChildDomain (26ms)
	RebuildCommonClasses (41ms)
	RebuildNativeTypeToScriptingClass (13ms)
	initialDomainReloadingComplete (90ms)
	LoadAllAssembliesAndSetupDomain (557ms)
		LoadAssemblies (393ms)
		RebuildTransferFunctionScriptingTraits (0ms)
		AnalyzeDomain (261ms)
			TypeCache.Refresh (222ms)
				TypeCache.ScanAssembly (207ms)
			ScanForSourceGeneratedMonoScriptInfo (25ms)
			ResolveRequiredComponents (12ms)
	FinalizeReload (795ms)
		ReleaseScriptCaches (0ms)
		RebuildScriptCaches (0ms)
		SetupLoadedEditorAssemblies (606ms)
			LogAssemblyErrors (0ms)
			InitializePlatformSupportModulesInManaged (7ms)
			SetLoadedEditorAssemblies (5ms)
			RefreshPlugins (0ms)
			BeforeProcessingInitializeOnLoad (92ms)
			ProcessInitializeOnLoadAttributes (410ms)
			ProcessInitializeOnLoadMethodAttributes (83ms)
			AfterProcessingInitializeOnLoad (10ms)
			EditorAssembliesLoaded (0ms)
		ExecutionOrderSort2 (0ms)
		AwakeInstancesAfterBackupRestoration (8ms)
Launched and connected shader compiler UnityShaderCompiler.exe after 0.06 seconds
Refreshing native plugins compatible for Editor in 6.62 ms, found 3 plugins.
Preloading 0 native plugins for Editor in 0.00 ms.
Unloading 5647 Unused Serialized files (Serialized files now loaded: 0)
Unloading 92 unused Assets / (2.5 MB). Loaded Objects now: 6099.
Memory consumption went from 268.6 MB to 266.1 MB.
Total: 4.221000 ms (FindLiveObjects: 0.538500 ms CreateObjectMapping: 0.163100 ms MarkObjects: 2.901700 ms  DeleteObjects: 0.616600 ms)

AssetImportParameters requested are different than current active one (requested -> active):
  custom:container-demuxer-ogg: 62fdf1f143b41e24485cea50d1cbac27 -> 
  custom:video-decoder-ogg-theora: a1e56fd34408186e4bbccfd4996cb3dc -> 
  custom:framework-win-MediaFoundation: 216162199b28c13a410421893ffa2e32 -> 
  custom:CustomObjectIndexerAttribute: 62b5816608c3102f162a1797e29626cf -> 
  custom:container-demuxer-webm: 4f35f7cbe854078d1ac9338744f61a02 -> 
  custom:container-muxer-webm: aa71ff27fc2769a1b78a27578f13a17b -> 
  custom:video-decoder-webm-vp8: 9c59270c3fd7afecdb556c50c9e8de78 -> 
  custom:SearchIndexIgnoredProperties: e643bd26f0fe6173181afceb89e7c659 -> 
  custom:AudioImporter_EditorPlatform: d09bf68614088b80899f8185d706f6e7 -> 
  custom:video-encoder-webm-vp8: eb34c28f22e8b96e1ab97ce403110664 -> 
  custom:audio-decoder-ogg-vorbis: bf7c407c2cedff20999df2af8eb42d56 -> 
  custom:audio-encoder-webm-vorbis: bf7c407c2cedff20999df2af8eb42d56 -> 
========================================================================
Received Import Request.
  Time since last request: 978142.500039 seconds.
  path: Assets/Flooded_Grounds/Prefabs/Backgrounds/BGR_LargePipe_A.prefab
  artifactKey: Guid(a3afb07f3df9b5e4a8c5d28803a625eb) Importer(815301076,1909f56bfc062723c751e8b465ee728b)
Start importing Assets/Flooded_Grounds/Prefabs/Backgrounds/BGR_LargePipe_A.prefab using Guid(a3afb07f3df9b5e4a8c5d28803a625eb) Importer(815301076,1909f56bfc062723c751e8b465ee728b)  -> (artifact id: '45bb714ba206d9bb1b70d3c5a36c8dd4') in 0.452238 seconds
Number of updated asset objects reloaded before import = 0
Number of asset objects unloaded after import = 16
========================================================================
Received Import Request.
  Time since last request: 1.685015 seconds.
  path: Assets/Flooded_Grounds/Prefabs/Atmospherics/ATM_Leaves_B.prefab
  artifactKey: Guid(ab1d7b194de648340a71ccc21062a218) Importer(815301076,1909f56bfc062723c751e8b465ee728b)
Start importing Assets/Flooded_Grounds/Prefabs/Atmospherics/ATM_Leaves_B.prefab using Guid(ab1d7b194de648340a71ccc21062a218) Importer(815301076,1909f56bfc062723c751e8b465ee728b)  -> (artifact id: 'f59ad3fffcfda9bdd8b5e71b22eaa179') in 0.054407 seconds
Number of updated asset objects reloaded before import = 0
Number of asset objects unloaded after import = 9
========================================================================
Received Import Request.
  Time since last request: 30.514015 seconds.
  path: Assets/Flooded_Grounds/Content/Materials/ATM_Leaf1.mat
  artifactKey: Guid(e049ee4d8606de040a720fb72ae1d9f2) Importer(815301076,1909f56bfc062723c751e8b465ee728b)
Start importing Assets/Flooded_Grounds/Content/Materials/ATM_Leaf1.mat using Guid(e049ee4d8606de040a720fb72ae1d9f2) Importer(815301076,1909f56bfc062723c751e8b465ee728b)  -> (artifact id: '968c4559d7ee682b61dc5a46c92ad35f') in 0.049548 seconds
Number of updated asset objects reloaded before import = 0
Number of asset objects unloaded after import = 3
========================================================================
Received Import Request.
  Time since last request: 0.000039 seconds.
  path: Assets/Flooded_Grounds/Content/Materials/MSC_HumanScale.mat
  artifactKey: Guid(d43da3634ccda7e4dbfd7e94e3071c6f) Importer(815301076,1909f56bfc062723c751e8b465ee728b)
Start importing Assets/Flooded_Grounds/Content/Materials/MSC_HumanScale.mat using Guid(d43da3634ccda7e4dbfd7e94e3071c6f) Importer(815301076,1909f56bfc062723c751e8b465ee728b)  -> (artifact id: '0070141a391cbdc1e4dc699402fd35d5') in 0.011396 seconds
Number of updated asset objects reloaded before import = 0
Number of asset objects unloaded after import = 2
========================================================================
Received Import Request.
  Time since last request: 0.000025 seconds.
  path: Assets/Flooded_Grounds/Content/Materials/BLD_Structures2_LOD.mat
  artifactKey: Guid(0a5e5d99899513c4eb2d420489f08ccd) Importer(815301076,1909f56bfc062723c751e8b465ee728b)
Start importing Assets/Flooded_Grounds/Content/Materials/BLD_Structures2_LOD.mat using Guid(0a5e5d99899513c4eb2d420489f08ccd) Importer(815301076,1909f56bfc062723c751e8b465ee728b)  -> (artifact id: 'db4ec7f47f40ecec54251c70b2fe8c6f') in 0.046815 seconds
Number of updated asset objects reloaded before import = 0
Number of asset objects unloaded after import = 9
========================================================================
Received Import Request.
  Time since last request: 0.000030 seconds.
  path: Assets/Flooded_Grounds/Content/Materials/BGR_Water.mat
  artifactKey: Guid(a56782aef2f1bd34285fe34f78a0b957) Importer(815301076,1909f56bfc062723c751e8b465ee728b)
Start importing Assets/Flooded_Grounds/Content/Materials/BGR_Water.mat using Guid(a56782aef2f1bd34285fe34f78a0b957) Importer(815301076,1909f56bfc062723c751e8b465ee728b)  -> (artifact id: '71f2eafbb43f81530f7b9b549eefdc87') in 0.046645 seconds
Number of updated asset objects reloaded before import = 0
Number of asset objects unloaded after import = 8
========================================================================
Received Import Request.
  Time since last request: 0.000078 seconds.
  path: Assets/Flooded_Grounds/Content/Materials/BLD_Cabins.mat
  artifactKey: Guid(2d96e79d3d44b824381f64be7765f5c2) Importer(815301076,1909f56bfc062723c751e8b465ee728b)
Start importing Assets/Flooded_Grounds/Content/Materials/BLD_Cabins.mat using Guid(2d96e79d3d44b824381f64be7765f5c2) Importer(815301076,1909f56bfc062723c751e8b465ee728b)  -> (artifact id: '20c7d38cb6c9e43a2fe9dd21c01094fe') in 0.065901 seconds
Number of updated asset objects reloaded before import = 0
Number of asset objects unloaded after import = 10
========================================================================
Received Import Request.
  Time since last request: 0.000091 seconds.
  path: Assets/Flooded_Grounds/Content/Materials/PROP_ParkBench1.mat
  artifactKey: Guid(c99ab68b85e64f947b9e704d96a4b3b9) Importer(815301076,1909f56bfc062723c751e8b465ee728b)
Start importing Assets/Flooded_Grounds/Content/Materials/PROP_ParkBench1.mat using Guid(c99ab68b85e64f947b9e704d96a4b3b9) Importer(815301076,1909f56bfc062723c751e8b465ee728b)  -> (artifact id: '74fd07bb30134664a74a65c0d5354309') in 0.043257 seconds
Number of updated asset objects reloaded before import = 0
Number of asset objects unloaded after import = 12
========================================================================
Received Import Request.
  Time since last request: 0.000072 seconds.
  path: Assets/Flooded_Grounds/Content/Materials/BLD_Villa2.mat
  artifactKey: Guid(7c038e6fd547b3841a5a66ff479547e1) Importer(815301076,1909f56bfc062723c751e8b465ee728b)
Start importing Assets/Flooded_Grounds/Content/Materials/BLD_Villa2.mat using Guid(7c038e6fd547b3841a5a66ff479547e1) Importer(815301076,1909f56bfc062723c751e8b465ee728b)  -> (artifact id: 'df8c71abc57b138a9aa83c929f61d293') in 0.045689 seconds
Number of updated asset objects reloaded before import = 0
Number of asset objects unloaded after import = 8
========================================================================
Received Import Request.
  Time since last request: 0.000030 seconds.
  path: Assets/Flooded_Grounds/Content/Materials/PROP_Gravestones1.mat
  artifactKey: Guid(e6f5834528a499646b75d68c40b11659) Importer(815301076,1909f56bfc062723c751e8b465ee728b)
Start importing Assets/Flooded_Grounds/Content/Materials/PROP_Gravestones1.mat using Guid(e6f5834528a499646b75d68c40b11659) Importer(815301076,1909f56bfc062723c751e8b465ee728b)  -> (artifact id: '72e48b1e3e5f68bf990072c6c38fee0a') in 0.061311 seconds
Number of updated asset objects reloaded before import = 0
Number of asset objects unloaded after import = 12
========================================================================
Received Import Request.
  Time since last request: 0.000036 seconds.
  path: Assets/Flooded_Grounds/Content/Materials/BLD_WindowGlass1.mat
  artifactKey: Guid(2b1f4e3c22d03d742a6e1e2e95a7e606) Importer(815301076,1909f56bfc062723c751e8b465ee728b)
Start importing Assets/Flooded_Grounds/Content/Materials/BLD_WindowGlass1.mat using Guid(2b1f4e3c22d03d742a6e1e2e95a7e606) Importer(815301076,1909f56bfc062723c751e8b465ee728b)  -> (artifact id: 'a06818eb0c61d5b357b6979106782acd') in 0.054004 seconds
Number of updated asset objects reloaded before import = 0
Number of asset objects unloaded after import = 6
========================================================================
Received Import Request.
  Time since last request: 0.000061 seconds.
  path: Assets/Flooded_Grounds/Content/Materials/PROP_Ship1.mat
  artifactKey: Guid(e2d702a05fd4a344bb9138058c882de9) Importer(815301076,1909f56bfc062723c751e8b465ee728b)
Start importing Assets/Flooded_Grounds/Content/Materials/PROP_Ship1.mat using Guid(e2d702a05fd4a344bb9138058c882de9) Importer(815301076,1909f56bfc062723c751e8b465ee728b)  -> (artifact id: '5a467fb4fd9bf52bac49c9f7faf05b36') in 0.060157 seconds
Number of updated asset objects reloaded before import = 0
Number of asset objects unloaded after import = 11
========================================================================
Received Import Request.
  Time since last request: 5.951943 seconds.
  path: Assets/Flooded_Grounds/Content/Sounds/Horn.mp3
  artifactKey: Guid(560cd90a01d7d4040bfc37a476b2a7a3) Importer(815301076,1909f56bfc062723c751e8b465ee728b)
Start importing Assets/Flooded_Grounds/Content/Sounds/Horn.mp3 using Guid(560cd90a01d7d4040bfc37a476b2a7a3) Importer(815301076,1909f56bfc062723c751e8b465ee728b)  -> (artifact id: '735363e76150b982b0b1db115a97ce86') in 0.061624 seconds
Number of updated asset objects reloaded before import = 0
Number of asset objects unloaded after import = 2
========================================================================
Received Import Request.
  Time since last request: 0.000030 seconds.
  path: Assets/Flooded_Grounds/Content/Sounds/Wind.mp3
  artifactKey: Guid(2dc9a029d0f6a4d4f95eca9f86b410f2) Importer(815301076,1909f56bfc062723c751e8b465ee728b)
Start importing Assets/Flooded_Grounds/Content/Sounds/Wind.mp3 using Guid(2dc9a029d0f6a4d4f95eca9f86b410f2) Importer(815301076,1909f56bfc062723c751e8b465ee728b)  -> (artifact id: '218ae7ee5fb8b4a27a73061cf471baf1') in 0.121876 seconds
Number of updated asset objects reloaded before import = 0
Number of asset objects unloaded after import = 2
========================================================================
Received Import Request.
  Time since last request: 0.067312 seconds.
  path: Assets/Flooded_Grounds/Content/Textures/ATM_Leaf1_AS.tif
  artifactKey: Guid(613c9ad9dfc6b484697801f5268522ff) Importer(815301076,1909f56bfc062723c751e8b465ee728b)
Start importing Assets/Flooded_Grounds/Content/Textures/ATM_Leaf1_AS.tif using Guid(613c9ad9dfc6b484697801f5268522ff) Importer(815301076,1909f56bfc062723c751e8b465ee728b)  -> (artifact id: '41d0409e726e77e2575aaf3c01298459') in 0.031099 seconds
Number of updated asset objects reloaded before import = 0
Number of asset objects unloaded after import = 2
========================================================================
Received Import Request.
  Time since last request: 0.000021 seconds.
  path: Assets/Flooded_Grounds/Content/Textures/BLD_Villa2_MS.tif
  artifactKey: Guid(5673fd1bd7b7edc42b6d0ab328eb8d4e) Importer(815301076,1909f56bfc062723c751e8b465ee728b)
Start importing Assets/Flooded_Grounds/Content/Textures/BLD_Villa2_MS.tif using Guid(5673fd1bd7b7edc42b6d0ab328eb8d4e) Importer(815301076,1909f56bfc062723c751e8b465ee728b)  -> (artifact id: 'c7bc468fe96018c846826023409816d4') in 0.028317 seconds
Number of updated asset objects reloaded before import = 0
Number of asset objects unloaded after import = 2
========================================================================
Received Import Request.
  Time since last request: 0.000034 seconds.
  path: Assets/Flooded_Grounds/Content/Textures/BLD_IndBuilding1_MS.tif
  artifactKey: Guid(d1f0c0d13b28f7942b930d9dcd3307ab) Importer(815301076,1909f56bfc062723c751e8b465ee728b)
Start importing Assets/Flooded_Grounds/Content/Textures/BLD_IndBuilding1_MS.tif using Guid(d1f0c0d13b28f7942b930d9dcd3307ab) Importer(815301076,1909f56bfc062723c751e8b465ee728b)  -> (artifact id: 'ac06de04cfaecddeac80b3e6dd729b13') in 0.029870 seconds
Number of updated asset objects reloaded before import = 0
Number of asset objects unloaded after import = 2
========================================================================
Received Import Request.
  Time since last request: 0.000046 seconds.
  path: Assets/Flooded_Grounds/Content/Textures/BLD_Cabins1_AO.tif
  artifactKey: Guid(ca00df4281acdd843a50d3e3456368fa) Importer(815301076,1909f56bfc062723c751e8b465ee728b)
Start importing Assets/Flooded_Grounds/Content/Textures/BLD_Cabins1_AO.tif using Guid(ca00df4281acdd843a50d3e3456368fa) Importer(815301076,1909f56bfc062723c751e8b465ee728b)  -> (artifact id: '00001fd3dd491b0a6d8eacba43674ac7') in 0.029002 seconds
Number of updated asset objects reloaded before import = 0
Number of asset objects unloaded after import = 2
========================================================================
Received Import Request.
  Time since last request: 0.000027 seconds.
  path: Assets/Flooded_Grounds/Content/Textures/GR_Dirt1_AS.tif
  artifactKey: Guid(02673374cc571ec438a822816aabffff) Importer(815301076,1909f56bfc062723c751e8b465ee728b)
Start importing Assets/Flooded_Grounds/Content/Textures/GR_Dirt1_AS.tif using Guid(02673374cc571ec438a822816aabffff) Importer(815301076,1909f56bfc062723c751e8b465ee728b)  -> (artifact id: '5effbc8a2409c429104b48d4e65a4b71') in 0.030373 seconds
Number of updated asset objects reloaded before import = 0
Number of asset objects unloaded after import = 2
========================================================================
Received Import Request.
  Time since last request: 0.000053 seconds.
  path: Assets/Flooded_Grounds/Content/Textures/BLD_Structures2_AO.tif
  artifactKey: Guid(c3aaae17f2cfd734f89aca122e477a02) Importer(815301076,1909f56bfc062723c751e8b465ee728b)
Start importing Assets/Flooded_Grounds/Content/Textures/BLD_Structures2_AO.tif using Guid(c3aaae17f2cfd734f89aca122e477a02) Importer(815301076,1909f56bfc062723c751e8b465ee728b)  -> (artifact id: '66d5ea074734753ec420d9bda33d3ae4') in 0.028296 seconds
Number of updated asset objects reloaded before import = 0
Number of asset objects unloaded after import = 2
========================================================================
Received Import Request.
  Time since last request: 0.000026 seconds.
  path: Assets/Flooded_Grounds/Content/Textures/BLD_Structures2_MS.tif
  artifactKey: Guid(890b79cc78c624d4a81e50a1d35c1332) Importer(815301076,1909f56bfc062723c751e8b465ee728b)
Start importing Assets/Flooded_Grounds/Content/Textures/BLD_Structures2_MS.tif using Guid(890b79cc78c624d4a81e50a1d35c1332) Importer(815301076,1909f56bfc062723c751e8b465ee728b)  -> (artifact id: 'b4a6b6ae4b2157594d773553cc1e94b9') in 0.036141 seconds
Number of updated asset objects reloaded before import = 0
Number of asset objects unloaded after import = 2
========================================================================
Received Import Request.
  Time since last request: 0.000027 seconds.
  path: Assets/Flooded_Grounds/Content/Textures/GR_Moss1_N.tif
  artifactKey: Guid(3cc5713907ad64743bff036ba79ef950) Importer(815301076,1909f56bfc062723c751e8b465ee728b)
Start importing Assets/Flooded_Grounds/Content/Textures/GR_Moss1_N.tif using Guid(3cc5713907ad64743bff036ba79ef950) Importer(815301076,1909f56bfc062723c751e8b465ee728b)  -> (artifact id: 'a5c896de9287809e23fb24681b41d8ef') in 0.037066 seconds
Number of updated asset objects reloaded before import = 0
Number of asset objects unloaded after import = 2
========================================================================
Received Import Request.
  Time since last request: 0.000030 seconds.
  path: Assets/Flooded_Grounds/Content/Textures/BLD_IndBuilding1_AO.tif
  artifactKey: Guid(f40d96e16f517974382853481556fd83) Importer(815301076,1909f56bfc062723c751e8b465ee728b)
Start importing Assets/Flooded_Grounds/Content/Textures/BLD_IndBuilding1_AO.tif using Guid(f40d96e16f517974382853481556fd83) Importer(815301076,1909f56bfc062723c751e8b465ee728b)  -> (artifact id: 'e308bfba7dd216712bb9edcd98b45821') in 0.023864 seconds
Number of updated asset objects reloaded before import = 0
Number of asset objects unloaded after import = 2
========================================================================
Received Import Request.
  Time since last request: 0.000038 seconds.
  path: Assets/Flooded_Grounds/Content/Textures/NAT_Rocks1_MS.tif
  artifactKey: Guid(9f6e42bf925bc1844a4f48c5459b9ab5) Importer(815301076,1909f56bfc062723c751e8b465ee728b)
Start importing Assets/Flooded_Grounds/Content/Textures/NAT_Rocks1_MS.tif using Guid(9f6e42bf925bc1844a4f48c5459b9ab5) Importer(815301076,1909f56bfc062723c751e8b465ee728b)  -> (artifact id: '771e0c171290853aa68e349aa2ec3c28') in 0.016635 seconds
Number of updated asset objects reloaded before import = 0
Number of asset objects unloaded after import = 2
========================================================================
Received Import Request.
  Time since last request: 0.000030 seconds.
  path: Assets/Flooded_Grounds/Content/Textures/PROP_Cabinets1_N.tif
  artifactKey: Guid(0ba3416934d0d834ab9d4834f57f56f0) Importer(815301076,1909f56bfc062723c751e8b465ee728b)
Start importing Assets/Flooded_Grounds/Content/Textures/PROP_Cabinets1_N.tif using Guid(0ba3416934d0d834ab9d4834f57f56f0) Importer(815301076,1909f56bfc062723c751e8b465ee728b)  -> (artifact id: 'e4008be4217bc4285cc695d494e9bb74') in 0.030434 seconds
Number of updated asset objects reloaded before import = 0
Number of asset objects unloaded after import = 2
========================================================================
Received Import Request.
  Time since last request: 0.000044 seconds.
  path: Assets/Flooded_Grounds/Content/Textures/BLD_Structures1_A.tif
  artifactKey: Guid(20827a6cec0daea4a8c8059f9cbf0b6a) Importer(815301076,1909f56bfc062723c751e8b465ee728b)
Start importing Assets/Flooded_Grounds/Content/Textures/BLD_Structures1_A.tif using Guid(20827a6cec0daea4a8c8059f9cbf0b6a) Importer(815301076,1909f56bfc062723c751e8b465ee728b)  -> (artifact id: '0d70713f9949f434777fa25c158cf5be') in 0.029733 seconds
Number of updated asset objects reloaded before import = 0
Number of asset objects unloaded after import = 2
========================================================================
Received Import Request.
  Time since last request: 0.000041 seconds.
  path: Assets/Flooded_Grounds/Content/Textures/PROP_Boat1_MS.tif
  artifactKey: Guid(65ae82e2f60f44b4e8c4d9640fe1e9aa) Importer(815301076,1909f56bfc062723c751e8b465ee728b)
Start importing Assets/Flooded_Grounds/Content/Textures/PROP_Boat1_MS.tif using Guid(65ae82e2f60f44b4e8c4d9640fe1e9aa) Importer(815301076,1909f56bfc062723c751e8b465ee728b)  -> (artifact id: '1ffdb74c302fc4feb3b672f5515fdd99') in 0.017751 seconds
Number of updated asset objects reloaded before import = 0
Number of asset objects unloaded after import = 2
========================================================================
Received Import Request.
  Time since last request: 0.000028 seconds.
  path: Assets/Flooded_Grounds/Content/Textures/PROP_Cabinets1_A.tif
  artifactKey: Guid(152087961bad0ad4aa2d2863baa4c853) Importer(815301076,1909f56bfc062723c751e8b465ee728b)
Start importing Assets/Flooded_Grounds/Content/Textures/PROP_Cabinets1_A.tif using Guid(152087961bad0ad4aa2d2863baa4c853) Importer(815301076,1909f56bfc062723c751e8b465ee728b)  -> (artifact id: 'dde4053561ab9dd8418a1544a7f3eb44') in 0.030499 seconds
Number of updated asset objects reloaded before import = 0
Number of asset objects unloaded after import = 2
========================================================================
Received Import Request.
  Time since last request: 0.000024 seconds.
  path: Assets/Flooded_Grounds/Content/Textures/BLD_Bridge1_N.tif
  artifactKey: Guid(0a56a508c36cb464ea77f74cf7219c56) Importer(815301076,1909f56bfc062723c751e8b465ee728b)
Start importing Assets/Flooded_Grounds/Content/Textures/BLD_Bridge1_N.tif using Guid(0a56a508c36cb464ea77f74cf7219c56) Importer(815301076,1909f56bfc062723c751e8b465ee728b)  -> (artifact id: '73e4d74b58f5cb883d6e1879b104d650') in 0.037264 seconds
Number of updated asset objects reloaded before import = 0
Number of asset objects unloaded after import = 2
========================================================================
Received Import Request.
  Time since last request: 0.000029 seconds.
  path: Assets/Flooded_Grounds/Content/Textures/NAT_CobbleRocks1_A.tif
  artifactKey: Guid(64d6291f6cfc78b498b7c3828ea2cabf) Importer(815301076,1909f56bfc062723c751e8b465ee728b)
Start importing Assets/Flooded_Grounds/Content/Textures/NAT_CobbleRocks1_A.tif using Guid(64d6291f6cfc78b498b7c3828ea2cabf) Importer(815301076,1909f56bfc062723c751e8b465ee728b)  -> (artifact id: 'b1a624d6c3d3e4d89c8c7b41e8babce4') in 0.028662 seconds
Number of updated asset objects reloaded before import = 0
Number of asset objects unloaded after import = 2
========================================================================
Received Import Request.
  Time since last request: 0.000039 seconds.
  path: Assets/Flooded_Grounds/Content/Textures/BLD_WindowGlass1_MS.tif
  artifactKey: Guid(cda6643c125264d49beaa658d2048eac) Importer(815301076,1909f56bfc062723c751e8b465ee728b)
Start importing Assets/Flooded_Grounds/Content/Textures/BLD_WindowGlass1_MS.tif using Guid(cda6643c125264d49beaa658d2048eac) Importer(815301076,1909f56bfc062723c751e8b465ee728b)  -> (artifact id: '79f1d40d2a35ed1ac8b39ec5ed002d90') in 0.015583 seconds
Number of updated asset objects reloaded before import = 0
Number of asset objects unloaded after import = 2
========================================================================
Received Import Request.
  Time since last request: 0.000040 seconds.
  path: Assets/Flooded_Grounds/Content/Textures/PROP_Beds1_N.tif
  artifactKey: Guid(4e8c1fa62fe87144db2f2e7d3b875760) Importer(815301076,1909f56bfc062723c751e8b465ee728b)
Start importing Assets/Flooded_Grounds/Content/Textures/PROP_Beds1_N.tif using Guid(4e8c1fa62fe87144db2f2e7d3b875760) Importer(815301076,1909f56bfc062723c751e8b465ee728b)  -> (artifact id: '5a77fc39241c75510fe0ffaacac50ee0') in 0.032585 seconds
Number of updated asset objects reloaded before import = 0
Number of asset objects unloaded after import = 2
========================================================================
Received Import Request.
  Time since last request: 0.000042 seconds.
  path: Assets/Flooded_Grounds/Content/Textures/BLD_Doors1_A.tif
  artifactKey: Guid(966cf6398289d054592e01c08d5880f7) Importer(815301076,1909f56bfc062723c751e8b465ee728b)
Start importing Assets/Flooded_Grounds/Content/Textures/BLD_Doors1_A.tif using Guid(966cf6398289d054592e01c08d5880f7) Importer(815301076,1909f56bfc062723c751e8b465ee728b)  -> (artifact id: '948dad604cc31d902b15f7951f3984dd') in 0.031947 seconds
Number of updated asset objects reloaded before import = 0
Number of asset objects unloaded after import = 2
========================================================================
Received Import Request.
  Time since last request: 0.000027 seconds.
  path: Assets/Flooded_Grounds/Content/Textures/NAT_Rocks1_N.tif
  artifactKey: Guid(2117563aa4734404896b4c68eb7a4371) Importer(815301076,1909f56bfc062723c751e8b465ee728b)
Start importing Assets/Flooded_Grounds/Content/Textures/NAT_Rocks1_N.tif using Guid(2117563aa4734404896b4c68eb7a4371) Importer(815301076,1909f56bfc062723c751e8b465ee728b)  -> (artifact id: '3a58194d1b8d8f0c3305a0cfc4958777') in 0.033465 seconds
Number of updated asset objects reloaded before import = 0
Number of asset objects unloaded after import = 2
========================================================================
Received Import Request.
  Time since last request: 0.000026 seconds.
  path: Assets/Flooded_Grounds/Content/Textures/NAT_Rocks1_A.tif
  artifactKey: Guid(d7e7d2f467c11f145b19071766826717) Importer(815301076,1909f56bfc062723c751e8b465ee728b)
Start importing Assets/Flooded_Grounds/Content/Textures/NAT_Rocks1_A.tif using Guid(d7e7d2f467c11f145b19071766826717) Importer(815301076,1909f56bfc062723c751e8b465ee728b)  -> (artifact id: '10088cbf2285587dd2d9e6d8bb42386d') in 0.029777 seconds
Number of updated asset objects reloaded before import = 0
Number of asset objects unloaded after import = 2
========================================================================
Received Import Request.
  Time since last request: 0.000022 seconds.
  path: Assets/Flooded_Grounds/Content/Textures/BLD_Doors1_AO.tif
  artifactKey: Guid(cacc835fbdacf6a4abc2a2231b0bb8b6) Importer(815301076,1909f56bfc062723c751e8b465ee728b)
Start importing Assets/Flooded_Grounds/Content/Textures/BLD_Doors1_AO.tif using Guid(cacc835fbdacf6a4abc2a2231b0bb8b6) Importer(815301076,1909f56bfc062723c751e8b465ee728b)  -> (artifact id: 'cebdbae7382b1e0743a8c0cbbb8a04db') in 0.026606 seconds
Number of updated asset objects reloaded before import = 0
Number of asset objects unloaded after import = 2
========================================================================
Received Import Request.
  Time since last request: 0.000029 seconds.
  path: Assets/Flooded_Grounds/Content/Textures/DET_Wood1_N.tif
  artifactKey: Guid(71125a98538a1fc47baccad99640157e) Importer(815301076,1909f56bfc062723c751e8b465ee728b)
Start importing Assets/Flooded_Grounds/Content/Textures/DET_Wood1_N.tif using Guid(71125a98538a1fc47baccad99640157e) Importer(815301076,1909f56bfc062723c751e8b465ee728b)  -> (artifact id: '1009d34f117b340fcd500c7a14bffa79') in 0.028618 seconds
Number of updated asset objects reloaded before import = 0
Number of asset objects unloaded after import = 2
========================================================================
Received Import Request.
  Time since last request: 0.000038 seconds.
  path: Assets/Flooded_Grounds/Content/Textures/BLD_Church1_AO.tif
  artifactKey: Guid(ae56e4ed2076beb43901de13ca96afd1) Importer(815301076,1909f56bfc062723c751e8b465ee728b)
Start importing Assets/Flooded_Grounds/Content/Textures/BLD_Church1_AO.tif using Guid(ae56e4ed2076beb43901de13ca96afd1) Importer(815301076,1909f56bfc062723c751e8b465ee728b)  -> (artifact id: '8999619e1a684bb5847dd926b1b2cd4f') in 0.028245 seconds
Number of updated asset objects reloaded before import = 0
Number of asset objects unloaded after import = 2
========================================================================
Received Import Request.
  Time since last request: 0.000024 seconds.
  path: Assets/Flooded_Grounds/Content/Textures/FOL_Hedge1_N.tif
  artifactKey: Guid(d90049466cf0ab8438d398546b028b67) Importer(815301076,1909f56bfc062723c751e8b465ee728b)
Start importing Assets/Flooded_Grounds/Content/Textures/FOL_Hedge1_N.tif using Guid(d90049466cf0ab8438d398546b028b67) Importer(815301076,1909f56bfc062723c751e8b465ee728b)  -> (artifact id: 'aa09c7aafb25ffb74cea7a3cd72c3ace') in 0.029730 seconds
Number of updated asset objects reloaded before import = 0
Number of asset objects unloaded after import = 2
========================================================================
Received Import Request.
  Time since last request: 0.623949 seconds.
  path: Assets/Flooded_Grounds/Content/Textures/PROP_FlyingSaucer1_AO.tif
  artifactKey: Guid(b0c724f0563e87b42b5f855fef070282) Importer(815301076,1909f56bfc062723c751e8b465ee728b)
Start importing Assets/Flooded_Grounds/Content/Textures/PROP_FlyingSaucer1_AO.tif using Guid(b0c724f0563e87b42b5f855fef070282) Importer(815301076,1909f56bfc062723c751e8b465ee728b)  -> (artifact id: '9541e4eb8ca2afbc356a64f35555f22a') in 0.025075 seconds
Number of updated asset objects reloaded before import = 0
Number of asset objects unloaded after import = 2
========================================================================
Received Import Request.
  Time since last request: 0.000023 seconds.
  path: Assets/Flooded_Grounds/Content/Textures/PROP_Ship1_A.tif
  artifactKey: Guid(0db1ce58e489f9f4a8e35eec13e03bd3) Importer(815301076,1909f56bfc062723c751e8b465ee728b)
Start importing Assets/Flooded_Grounds/Content/Textures/PROP_Ship1_A.tif using Guid(0db1ce58e489f9f4a8e35eec13e03bd3) Importer(815301076,1909f56bfc062723c751e8b465ee728b)  -> (artifact id: '7d3c2ba6a1171e4add2cde990b73f37c') in 0.033745 seconds
Number of updated asset objects reloaded before import = 0
Number of asset objects unloaded after import = 2
========================================================================
Received Import Request.
  Time since last request: 0.000029 seconds.
  path: Assets/Flooded_Grounds/Content/Textures/PROP_SmallProps2_N.tif
  artifactKey: Guid(04dceaee8a3adf84bbf594eeddddf726) Importer(815301076,1909f56bfc062723c751e8b465ee728b)
Start importing Assets/Flooded_Grounds/Content/Textures/PROP_SmallProps2_N.tif using Guid(04dceaee8a3adf84bbf594eeddddf726) Importer(815301076,1909f56bfc062723c751e8b465ee728b)  -> (artifact id: 'a5f90ebfcd90f51ff944cc544ab0595e') in 0.028851 seconds
Number of updated asset objects reloaded before import = 0
Number of asset objects unloaded after import = 2
========================================================================
Received Import Request.
  Time since last request: 0.000044 seconds.
  path: Assets/Flooded_Grounds/Content/Textures/PROP_ParkBench1_AO.tif
  artifactKey: Guid(b0f9b1499ecb1024894eb8218f737471) Importer(815301076,1909f56bfc062723c751e8b465ee728b)
Start importing Assets/Flooded_Grounds/Content/Textures/PROP_ParkBench1_AO.tif using Guid(b0f9b1499ecb1024894eb8218f737471) Importer(815301076,1909f56bfc062723c751e8b465ee728b)  -> (artifact id: '2cbfe8f62d8adc66bf7de14c3f892546') in 0.024751 seconds
Number of updated asset objects reloaded before import = 0
Number of asset objects unloaded after import = 2
========================================================================
Received Import Request.
  Time since last request: 0.000040 seconds.
  path: Assets/Flooded_Grounds/Content/Textures/PROP_Ship1_AO.tif
  artifactKey: Guid(6186d6ff878b9ee45b72aa1d6261ad43) Importer(815301076,1909f56bfc062723c751e8b465ee728b)
Start importing Assets/Flooded_Grounds/Content/Textures/PROP_Ship1_AO.tif using Guid(6186d6ff878b9ee45b72aa1d6261ad43) Importer(815301076,1909f56bfc062723c751e8b465ee728b)  -> (artifact id: 'd345bd9786e507e721e856b487d3a64e') in 0.029312 seconds
Number of updated asset objects reloaded before import = 0
Number of asset objects unloaded after import = 2
========================================================================
Received Import Request.
  Time since last request: 0.000025 seconds.
  path: Assets/Flooded_Grounds/Content/Textures/PROP_Ship1_N.tif
  artifactKey: Guid(95451f45b900f014284693710dc4c8d7) Importer(815301076,1909f56bfc062723c751e8b465ee728b)
Start importing Assets/Flooded_Grounds/Content/Textures/PROP_Ship1_N.tif using Guid(95451f45b900f014284693710dc4c8d7) Importer(815301076,1909f56bfc062723c751e8b465ee728b)  -> (artifact id: '9dba77d458c56bbeaee7986152d04330') in 0.040648 seconds
Number of updated asset objects reloaded before import = 0
Number of asset objects unloaded after import = 2
========================================================================
Received Import Request.
  Time since last request: 0.000031 seconds.
  path: Assets/Flooded_Grounds/Content/Textures/PROP_Gravestones1_MS.tif
  artifactKey: Guid(a1f36fe6a2375334983d62a76bf346ff) Importer(815301076,1909f56bfc062723c751e8b465ee728b)
Start importing Assets/Flooded_Grounds/Content/Textures/PROP_Gravestones1_MS.tif using Guid(a1f36fe6a2375334983d62a76bf346ff) Importer(815301076,1909f56bfc062723c751e8b465ee728b)  -> (artifact id: '86758c5c046a83f9a55227afeae30562') in 0.018915 seconds
Number of updated asset objects reloaded before import = 0
Number of asset objects unloaded after import = 2
========================================================================
Received Import Request.
  Time since last request: 279.178677 seconds.
  path: Assets/PBR Ground Materials #1 [Dirt& Grass]/Materials/Dirt/Dirt_02.mat
  artifactKey: Guid(d4bc7e9388dec76428cf9d7b654d73ef) Importer(815301076,1909f56bfc062723c751e8b465ee728b)
Start importing Assets/PBR Ground Materials #1 [Dirt& Grass]/Materials/Dirt/Dirt_02.mat using Guid(d4bc7e9388dec76428cf9d7b654d73ef) Importer(815301076,1909f56bfc062723c751e8b465ee728b)  -> (artifact id: '8b606271d94ddd31716211ee50e35d09') in 0.064310 seconds
Number of updated asset objects reloaded before import = 37
Number of asset objects unloaded after import = 7
========================================================================
Received Import Request.
  Time since last request: 0.000035 seconds.
  path: Assets/PBR Ground Materials #1 [Dirt& Grass]/Materials/Dirt/Dirt_12.mat
  artifactKey: Guid(dc9018357674e8044aa983140cd3ca29) Importer(815301076,1909f56bfc062723c751e8b465ee728b)
Start importing Assets/PBR Ground Materials #1 [Dirt& Grass]/Materials/Dirt/Dirt_12.mat using Guid(dc9018357674e8044aa983140cd3ca29) Importer(815301076,1909f56bfc062723c751e8b465ee728b)  -> (artifact id: '6de438f157277ec5448165cdc9c42d43') in 0.024979 seconds
Number of updated asset objects reloaded before import = 0
Number of asset objects unloaded after import = 7
========================================================================
Received Import Request.
  Time since last request: 0.000035 seconds.
  path: Assets/PBR Ground Materials #1 [Dirt& Grass]/Materials/Dirt/Dirt_04.mat
  artifactKey: Guid(0e75d53589ebb1e42944acf17d247437) Importer(815301076,1909f56bfc062723c751e8b465ee728b)
Start importing Assets/PBR Ground Materials #1 [Dirt& Grass]/Materials/Dirt/Dirt_04.mat using Guid(0e75d53589ebb1e42944acf17d247437) Importer(815301076,1909f56bfc062723c751e8b465ee728b)  -> (artifact id: '274308ba6aa9d80a778ff1d3196ce83c') in 0.026838 seconds
Number of updated asset objects reloaded before import = 0
Number of asset objects unloaded after import = 7
========================================================================
Received Import Request.
  Time since last request: 0.000035 seconds.
  path: Assets/PBR Ground Materials #1 [Dirt& Grass]/Materials/Dirt/Dirt_30.mat
  artifactKey: Guid(35a74ea42ef1b5f4bb52219ecd685541) Importer(815301076,1909f56bfc062723c751e8b465ee728b)
Start importing Assets/PBR Ground Materials #1 [Dirt& Grass]/Materials/Dirt/Dirt_30.mat using Guid(35a74ea42ef1b5f4bb52219ecd685541) Importer(815301076,1909f56bfc062723c751e8b465ee728b)  -> (artifact id: '66395cd8cf95cd4509b614e182d61c37') in 0.021396 seconds
Number of updated asset objects reloaded before import = 0
Number of asset objects unloaded after import = 7
========================================================================
Received Import Request.
  Time since last request: 0.000027 seconds.
  path: Assets/PBR Ground Materials #1 [Dirt& Grass]/Materials/Dirt/Dirt_13.mat
  artifactKey: Guid(eeadb48c8aae8004c9d125913af3002e) Importer(815301076,1909f56bfc062723c751e8b465ee728b)
Start importing Assets/PBR Ground Materials #1 [Dirt& Grass]/Materials/Dirt/Dirt_13.mat using Guid(eeadb48c8aae8004c9d125913af3002e) Importer(815301076,1909f56bfc062723c751e8b465ee728b)  -> (artifact id: '4defb2929a675c24df077eeb171ca8d8') in 0.022036 seconds
Number of updated asset objects reloaded before import = 0
Number of asset objects unloaded after import = 7
========================================================================
Received Import Request.
  Time since last request: 0.000028 seconds.
  path: Assets/PBR Ground Materials #1 [Dirt& Grass]/Materials/Dirt/Dirt_18.mat
  artifactKey: Guid(92dc7bceb0ad09443a334d5825948026) Importer(815301076,1909f56bfc062723c751e8b465ee728b)
Start importing Assets/PBR Ground Materials #1 [Dirt& Grass]/Materials/Dirt/Dirt_18.mat using Guid(92dc7bceb0ad09443a334d5825948026) Importer(815301076,1909f56bfc062723c751e8b465ee728b)  -> (artifact id: '96bb64c6149ae5e25ec623c76799641b') in 0.023156 seconds
Number of updated asset objects reloaded before import = 0
Number of asset objects unloaded after import = 7
========================================================================
Received Import Request.
  Time since last request: 0.000020 seconds.
  path: Assets/PBR Ground Materials #1 [Dirt& Grass]/Materials/Dirt/Dirt_15.mat
  artifactKey: Guid(7dadb4b95ae7e5e46ac89196f23eda1d) Importer(815301076,1909f56bfc062723c751e8b465ee728b)
Start importing Assets/PBR Ground Materials #1 [Dirt& Grass]/Materials/Dirt/Dirt_15.mat using Guid(7dadb4b95ae7e5e46ac89196f23eda1d) Importer(815301076,1909f56bfc062723c751e8b465ee728b)  -> (artifact id: '5efef2b68f5c8bbc241af2ad2c5eb664') in 0.025001 seconds
Number of updated asset objects reloaded before import = 0
Number of asset objects unloaded after import = 7
========================================================================
Received Import Request.
  Time since last request: 0.000025 seconds.
  path: Assets/PBR Ground Materials #1 [Dirt& Grass]/Materials/Dirt/Dirt_08.mat
  artifactKey: Guid(395def56f962b5b4e9b2f3f4dae9c9b9) Importer(815301076,1909f56bfc062723c751e8b465ee728b)
Start importing Assets/PBR Ground Materials #1 [Dirt& Grass]/Materials/Dirt/Dirt_08.mat using Guid(395def56f962b5b4e9b2f3f4dae9c9b9) Importer(815301076,1909f56bfc062723c751e8b465ee728b)  -> (artifact id: 'acc9599730d82cac4a8d7ed6ed3f0b0e') in 0.025618 seconds
Number of updated asset objects reloaded before import = 0
Number of asset objects unloaded after import = 7
========================================================================
Received Import Request.
  Time since last request: 0.000025 seconds.
  path: Assets/PBR Ground Materials #1 [Dirt& Grass]/Materials/Dirt/Dirt_14.mat
  artifactKey: Guid(a81356ac397ddc441b8019ac3d3c2762) Importer(815301076,1909f56bfc062723c751e8b465ee728b)
Start importing Assets/PBR Ground Materials #1 [Dirt& Grass]/Materials/Dirt/Dirt_14.mat using Guid(a81356ac397ddc441b8019ac3d3c2762) Importer(815301076,1909f56bfc062723c751e8b465ee728b)  -> (artifact id: 'f2323e39b0a4a95222ffbd2e49b1434b') in 0.022391 seconds
Number of updated asset objects reloaded before import = 0
Number of asset objects unloaded after import = 7
========================================================================
Received Import Request.
  Time since last request: 0.000021 seconds.
  path: Assets/PBR Ground Materials #1 [Dirt& Grass]/Materials/Dirt/Dirt_16.mat
  artifactKey: Guid(886dc08794ee9554b8c6b7f194bdbe5c) Importer(815301076,1909f56bfc062723c751e8b465ee728b)
Start importing Assets/PBR Ground Materials #1 [Dirt& Grass]/Materials/Dirt/Dirt_16.mat using Guid(886dc08794ee9554b8c6b7f194bdbe5c) Importer(815301076,1909f56bfc062723c751e8b465ee728b)  -> (artifact id: '0ef869da9218b67aec5af8ec8d061c51') in 0.024491 seconds
Number of updated asset objects reloaded before import = 0
Number of asset objects unloaded after import = 7
========================================================================
Received Import Request.
  Time since last request: 0.000032 seconds.
  path: Assets/PBR Ground Materials #1 [Dirt& Grass]/Materials/Dirt/Dirt_21.mat
  artifactKey: Guid(489a3e866676f014aa953dbdb5ac632e) Importer(815301076,1909f56bfc062723c751e8b465ee728b)
Start importing Assets/PBR Ground Materials #1 [Dirt& Grass]/Materials/Dirt/Dirt_21.mat using Guid(489a3e866676f014aa953dbdb5ac632e) Importer(815301076,1909f56bfc062723c751e8b465ee728b)  -> (artifact id: '8a17243b43fbd1d1f8843ccf740aa847') in 0.026259 seconds
Number of updated asset objects reloaded before import = 0
Number of asset objects unloaded after import = 7
========================================================================
Received Import Request.
  Time since last request: 0.000044 seconds.
  path: Assets/PBR Ground Materials #1 [Dirt& Grass]/Materials/Dirt/Dirt_22.mat
  artifactKey: Guid(0bee50b1cc7005644ab2fa7fac283ca1) Importer(815301076,1909f56bfc062723c751e8b465ee728b)
Start importing Assets/PBR Ground Materials #1 [Dirt& Grass]/Materials/Dirt/Dirt_22.mat using Guid(0bee50b1cc7005644ab2fa7fac283ca1) Importer(815301076,1909f56bfc062723c751e8b465ee728b)  -> (artifact id: '964eb5e14e5de2bb6d6b76fbe89141b1') in 0.026905 seconds
Number of updated asset objects reloaded before import = 0
Number of asset objects unloaded after import = 7
========================================================================
Received Import Request.
  Time since last request: 0.000031 seconds.
  path: Assets/PBR Ground Materials #1 [Dirt& Grass]/Materials/Dirt/Dirt_07.mat
  artifactKey: Guid(e33adc884f21a51458c886c44c968355) Importer(815301076,1909f56bfc062723c751e8b465ee728b)
Start importing Assets/PBR Ground Materials #1 [Dirt& Grass]/Materials/Dirt/Dirt_07.mat using Guid(e33adc884f21a51458c886c44c968355) Importer(815301076,1909f56bfc062723c751e8b465ee728b)  -> (artifact id: '4a020cbd2a8e9a50386ee16c0e2a09e5') in 0.022503 seconds
Number of updated asset objects reloaded before import = 0
Number of asset objects unloaded after import = 7
========================================================================
Received Import Request.
  Time since last request: 0.000036 seconds.
  path: Assets/PBR Ground Materials #1 [Dirt& Grass]/Materials/Dirt/Dirt_10.mat
  artifactKey: Guid(8ac041fdb5b95b543a98945f574ddfb7) Importer(815301076,1909f56bfc062723c751e8b465ee728b)
Start importing Assets/PBR Ground Materials #1 [Dirt& Grass]/Materials/Dirt/Dirt_10.mat using Guid(8ac041fdb5b95b543a98945f574ddfb7) Importer(815301076,1909f56bfc062723c751e8b465ee728b)  -> (artifact id: 'aa6c4dff5cbed9234fc4ed8af4c0207c') in 0.022822 seconds
Number of updated asset objects reloaded before import = 0
Number of asset objects unloaded after import = 7
========================================================================
Received Import Request.
  Time since last request: 0.000039 seconds.
  path: Assets/PBR Ground Materials #1 [Dirt& Grass]/Materials/Dirt/Dirt_05.mat
  artifactKey: Guid(5650e97f3e158564da9c240c6fd27f66) Importer(815301076,1909f56bfc062723c751e8b465ee728b)
Start importing Assets/PBR Ground Materials #1 [Dirt& Grass]/Materials/Dirt/Dirt_05.mat using Guid(5650e97f3e158564da9c240c6fd27f66) Importer(815301076,1909f56bfc062723c751e8b465ee728b)  -> (artifact id: 'aa6896c95bc10d693cfefd87420809e2') in 0.021563 seconds
Number of updated asset objects reloaded before import = 0
Number of asset objects unloaded after import = 7
========================================================================
Received Import Request.
  Time since last request: 32.082122 seconds.
  path: Assets/PBR Ground Materials #1 [Dirt& Grass]/Materials/Dirt/Dirt_05.mat
  artifactKey: Guid(5650e97f3e158564da9c240c6fd27f66) Importer(815301076,1909f56bfc062723c751e8b465ee728b)
Start importing Assets/PBR Ground Materials #1 [Dirt& Grass]/Materials/Dirt/Dirt_05.mat using Guid(5650e97f3e158564da9c240c6fd27f66) Importer(815301076,1909f56bfc062723c751e8b465ee728b)  -> (artifact id: '6e2d4169be89300897774100eff88988') in 1.335807 seconds
Number of updated asset objects reloaded before import = 0
Number of asset objects unloaded after import = 7
========================================================================
Received Import Request.
  Time since last request: 0.000054 seconds.
  path: Assets/PBR Ground Materials #1 [Dirt& Grass]/Materials/Dirt/Dirt_20.mat
  artifactKey: Guid(6af1c6deda2a1b742917c1caa97b82f0) Importer(815301076,1909f56bfc062723c751e8b465ee728b)
Start importing Assets/PBR Ground Materials #1 [Dirt& Grass]/Materials/Dirt/Dirt_20.mat using Guid(6af1c6deda2a1b742917c1caa97b82f0) Importer(815301076,1909f56bfc062723c751e8b465ee728b)  -> (artifact id: '46abf2f24b78086b66d0abd950ef71ae') in 0.044545 seconds
Number of updated asset objects reloaded before import = 0
Number of asset objects unloaded after import = 7
========================================================================
Received Import Request.
  Time since last request: 0.000051 seconds.
  path: Assets/PBR Ground Materials #1 [Dirt& Grass]/Materials/Dirt/Dirt_23.mat
  artifactKey: Guid(a56062f43bf9ed34383c5b5a0e24691f) Importer(815301076,1909f56bfc062723c751e8b465ee728b)
Start importing Assets/PBR Ground Materials #1 [Dirt& Grass]/Materials/Dirt/Dirt_23.mat using Guid(a56062f43bf9ed34383c5b5a0e24691f) Importer(815301076,1909f56bfc062723c751e8b465ee728b)  -> (artifact id: '7594dba369c21196ca636e68374f286b') in 0.039202 seconds
Number of updated asset objects reloaded before import = 0
Number of asset objects unloaded after import = 7
========================================================================
Received Import Request.
  Time since last request: 0.000041 seconds.
  path: Assets/PBR Ground Materials #1 [Dirt& Grass]/Materials/Dirt/Dirt_30.mat
  artifactKey: Guid(35a74ea42ef1b5f4bb52219ecd685541) Importer(815301076,1909f56bfc062723c751e8b465ee728b)
Start importing Assets/PBR Ground Materials #1 [Dirt& Grass]/Materials/Dirt/Dirt_30.mat using Guid(35a74ea42ef1b5f4bb52219ecd685541) Importer(815301076,1909f56bfc062723c751e8b465ee728b)  -> (artifact id: '8e002ac33e1adcd60b845bd09e1ec686') in 0.039408 seconds
Number of updated asset objects reloaded before import = 0
Number of asset objects unloaded after import = 7
========================================================================
Received Import Request.
  Time since last request: 0.000041 seconds.
  path: Assets/PBR Ground Materials #1 [Dirt& Grass]/Materials/Dirt/Dirt_13.mat
  artifactKey: Guid(eeadb48c8aae8004c9d125913af3002e) Importer(815301076,1909f56bfc062723c751e8b465ee728b)
Start importing Assets/PBR Ground Materials #1 [Dirt& Grass]/Materials/Dirt/Dirt_13.mat using Guid(eeadb48c8aae8004c9d125913af3002e) Importer(815301076,1909f56bfc062723c751e8b465ee728b)  -> (artifact id: '2333df2c4c2d59d586ce6a1eaa293bee') in 0.043458 seconds
Number of updated asset objects reloaded before import = 0
Number of asset objects unloaded after import = 7
========================================================================
Received Import Request.
  Time since last request: 0.000034 seconds.
  path: Assets/PBR Ground Materials #1 [Dirt& Grass]/Materials/Dirt/Dirt_26.mat
  artifactKey: Guid(34f570a2226dda648bf2d26b1e052413) Importer(815301076,1909f56bfc062723c751e8b465ee728b)
Start importing Assets/PBR Ground Materials #1 [Dirt& Grass]/Materials/Dirt/Dirt_26.mat using Guid(34f570a2226dda648bf2d26b1e052413) Importer(815301076,1909f56bfc062723c751e8b465ee728b)  -> (artifact id: '30f85b683a270adad40feb5bf5e3fc95') in 0.047361 seconds
Number of updated asset objects reloaded before import = 0
Number of asset objects unloaded after import = 7
========================================================================
Received Import Request.
  Time since last request: 0.000044 seconds.
  path: Assets/PBR Ground Materials #1 [Dirt& Grass]/Materials/Dirt/Dirt_15.mat
  artifactKey: Guid(7dadb4b95ae7e5e46ac89196f23eda1d) Importer(815301076,1909f56bfc062723c751e8b465ee728b)
Start importing Assets/PBR Ground Materials #1 [Dirt& Grass]/Materials/Dirt/Dirt_15.mat using Guid(7dadb4b95ae7e5e46ac89196f23eda1d) Importer(815301076,1909f56bfc062723c751e8b465ee728b)  -> (artifact id: '5e3dfa166dac27c0f94baa5529be2795') in 0.038560 seconds
Number of updated asset objects reloaded before import = 0
Number of asset objects unloaded after import = 7
========================================================================
Received Import Request.
  Time since last request: 0.000049 seconds.
  path: Assets/PBR Ground Materials #1 [Dirt& Grass]/Materials/Dirt/Dirt_08.mat
  artifactKey: Guid(395def56f962b5b4e9b2f3f4dae9c9b9) Importer(815301076,1909f56bfc062723c751e8b465ee728b)
Start importing Assets/PBR Ground Materials #1 [Dirt& Grass]/Materials/Dirt/Dirt_08.mat using Guid(395def56f962b5b4e9b2f3f4dae9c9b9) Importer(815301076,1909f56bfc062723c751e8b465ee728b)  -> (artifact id: 'b6c7d01f1c1bc7050a2dd1e94fe86fc3') in 0.036527 seconds
Number of updated asset objects reloaded before import = 0
Number of asset objects unloaded after import = 7
========================================================================
Received Import Request.
  Time since last request: 0.000028 seconds.
  path: Assets/PBR Ground Materials #1 [Dirt& Grass]/Materials/Dirt/Dirt_14.mat
  artifactKey: Guid(a81356ac397ddc441b8019ac3d3c2762) Importer(815301076,1909f56bfc062723c751e8b465ee728b)
Start importing Assets/PBR Ground Materials #1 [Dirt& Grass]/Materials/Dirt/Dirt_14.mat using Guid(a81356ac397ddc441b8019ac3d3c2762) Importer(815301076,1909f56bfc062723c751e8b465ee728b)  -> (artifact id: 'bf11ecca5b89663d8ae90a2b6bea9a71') in 0.042267 seconds
Number of updated asset objects reloaded before import = 0
Number of asset objects unloaded after import = 7
========================================================================
Received Import Request.
  Time since last request: 0.000029 seconds.
  path: Assets/PBR Ground Materials #1 [Dirt& Grass]/Materials/Dirt/Dirt_24.mat
  artifactKey: Guid(0cd62f91930cc65488f9fda9e8b496e5) Importer(815301076,1909f56bfc062723c751e8b465ee728b)
Start importing Assets/PBR Ground Materials #1 [Dirt& Grass]/Materials/Dirt/Dirt_24.mat using Guid(0cd62f91930cc65488f9fda9e8b496e5) Importer(815301076,1909f56bfc062723c751e8b465ee728b)  -> (artifact id: '695622852c8099bb5f4cd52f4d52382c') in 0.043416 seconds
Number of updated asset objects reloaded before import = 0
Number of asset objects unloaded after import = 7
========================================================================
Received Import Request.
  Time since last request: 0.000038 seconds.
  path: Assets/PBR Ground Materials #1 [Dirt& Grass]/Materials/Dirt/Dirt_19.mat
  artifactKey: Guid(7b48372108d08314d8943a74d9646c90) Importer(815301076,1909f56bfc062723c751e8b465ee728b)
Start importing Assets/PBR Ground Materials #1 [Dirt& Grass]/Materials/Dirt/Dirt_19.mat using Guid(7b48372108d08314d8943a74d9646c90) Importer(815301076,1909f56bfc062723c751e8b465ee728b)  -> (artifact id: '5f52a507d6435b5f52c68073238ec12f') in 0.040028 seconds
Number of updated asset objects reloaded before import = 0
Number of asset objects unloaded after import = 7
========================================================================
Received Import Request.
  Time since last request: 0.000033 seconds.
  path: Assets/PBR Ground Materials #1 [Dirt& Grass]/Materials/Dirt/Dirt_11.mat
  artifactKey: Guid(ea05275b8cf803f4e95606eaf1e0501d) Importer(815301076,1909f56bfc062723c751e8b465ee728b)
Start importing Assets/PBR Ground Materials #1 [Dirt& Grass]/Materials/Dirt/Dirt_11.mat using Guid(ea05275b8cf803f4e95606eaf1e0501d) Importer(815301076,1909f56bfc062723c751e8b465ee728b)  -> (artifact id: 'de8bea9ad7e53bb44355f75b3269a5df') in 0.047683 seconds
Number of updated asset objects reloaded before import = 0
Number of asset objects unloaded after import = 7
========================================================================
Received Import Request.
  Time since last request: 0.000055 seconds.
  path: Assets/PBR Ground Materials #1 [Dirt& Grass]/Materials/Dirt/Dirt_10.mat
  artifactKey: Guid(8ac041fdb5b95b543a98945f574ddfb7) Importer(815301076,1909f56bfc062723c751e8b465ee728b)
Start importing Assets/PBR Ground Materials #1 [Dirt& Grass]/Materials/Dirt/Dirt_10.mat using Guid(8ac041fdb5b95b543a98945f574ddfb7) Importer(815301076,1909f56bfc062723c751e8b465ee728b)  -> (artifact id: 'c0c4a9cfa8f21bb188e0faaa3012d852') in 0.043514 seconds
Number of updated asset objects reloaded before import = 0
Number of asset objects unloaded after import = 7
========================================================================
Received Import Request.
  Time since last request: 413.515914 seconds.
  path: Assets/PBR Ground Materials #1 [Dirt& Grass]/Materials/Grass/Grass_02.mat
  artifactKey: Guid(cebd9af8bd608e84ab3121550ece0d1a) Importer(815301076,1909f56bfc062723c751e8b465ee728b)
Start importing Assets/PBR Ground Materials #1 [Dirt& Grass]/Materials/Grass/Grass_02.mat using Guid(cebd9af8bd608e84ab3121550ece0d1a) Importer(815301076,1909f56bfc062723c751e8b465ee728b)  -> (artifact id: 'cba389d1c6bbf0e115ce1c181e5b6519') in 0.042734 seconds
Number of updated asset objects reloaded before import = 0
Number of asset objects unloaded after import = 7
========================================================================
Received Import Request.
  Time since last request: 0.000038 seconds.
  path: Assets/PBR Ground Materials #1 [Dirt& Grass]/Materials/Grass/Grass_06.mat
  artifactKey: Guid(dc9bec98a1cf77845a6f674834fff3c5) Importer(815301076,1909f56bfc062723c751e8b465ee728b)
Start importing Assets/PBR Ground Materials #1 [Dirt& Grass]/Materials/Grass/Grass_06.mat using Guid(dc9bec98a1cf77845a6f674834fff3c5) Importer(815301076,1909f56bfc062723c751e8b465ee728b)  -> (artifact id: '3e5eeece2905dc6c3b4d057a616f4820') in 0.036913 seconds
Number of updated asset objects reloaded before import = 0
Number of asset objects unloaded after import = 7
========================================================================
Received Import Request.
  Time since last request: 0.000028 seconds.
  path: Assets/PBR Ground Materials #1 [Dirt& Grass]/Materials/Grass/Grass_08.mat
  artifactKey: Guid(aeadb6c05272152488cc88857746a024) Importer(815301076,1909f56bfc062723c751e8b465ee728b)
Start importing Assets/PBR Ground Materials #1 [Dirt& Grass]/Materials/Grass/Grass_08.mat using Guid(aeadb6c05272152488cc88857746a024) Importer(815301076,1909f56bfc062723c751e8b465ee728b)  -> (artifact id: '7aca22abd6073b3c176c0d306ad30dad') in 0.037165 seconds
Number of updated asset objects reloaded before import = 0
Number of asset objects unloaded after import = 7
========================================================================
Received Import Request.
  Time since last request: 0.000049 seconds.
  path: Assets/PBR Ground Materials #1 [Dirt& Grass]/Materials/Grass/Grass_04.mat
  artifactKey: Guid(aac82d0173ce9ca44a549e9aa3082df1) Importer(815301076,1909f56bfc062723c751e8b465ee728b)
Start importing Assets/PBR Ground Materials #1 [Dirt& Grass]/Materials/Grass/Grass_04.mat using Guid(aac82d0173ce9ca44a549e9aa3082df1) Importer(815301076,1909f56bfc062723c751e8b465ee728b)  -> (artifact id: 'b9c3a45bdbad22d01803f1bfa386e158') in 0.036310 seconds
Number of updated asset objects reloaded before import = 0
Number of asset objects unloaded after import = 7
========================================================================
Received Import Request.
  Time since last request: 0.000035 seconds.
  path: Assets/PBR Ground Materials #1 [Dirt& Grass]/Materials/Grass/Grass_09.mat
  artifactKey: Guid(3878050572153594bbb4f6282a359320) Importer(815301076,1909f56bfc062723c751e8b465ee728b)
Start importing Assets/PBR Ground Materials #1 [Dirt& Grass]/Materials/Grass/Grass_09.mat using Guid(3878050572153594bbb4f6282a359320) Importer(815301076,1909f56bfc062723c751e8b465ee728b)  -> (artifact id: '077a4b32b0903a95b21d93f95f58133a') in 0.033730 seconds
Number of updated asset objects reloaded before import = 0
Number of asset objects unloaded after import = 7
Editor requested this worker to shutdown with reason: Scaling down because of idle timeout
TcpMessagingSession - receive error: operation aborted. errorcode: 995, details: The I/O operation has been aborted because of either a thread exit or an application request.
AssetImportWorker is now disconnected from the server
Process exiting
Exiting without the bug reporter. Application will terminate with return code 0