Using pre-set license
Built from '2022.3/release' branch; Version is '2022.3.18f1 (d29bea25151d) revision 13802474'; Using compiler version '192829333'; Build Type 'Release'
OS: 'Windows 11  (10.0.26200) 64bit Education' Language: 'en' Physical Memory: 32660 MB
BatchMode: 1, IsHumanControllingUs: 0, StartBugReporterOnCrash: 0, Is64bit: 1, IsPro: 1

COMMAND LINE ARGUMENTS:
C:\Program Files\Unity\Hub\Editor\2022.3.18f1\Editor\Unity.exe
-adb2
-batchMode
-noUpm
-name
AssetImportWorker12
-projectPath
C:/Users/Bandit Game Studio/FixedCameraDemo
-logFile
Logs/AssetImportWorker12.log
-srvPort
59427
Successfully changed project path to: C:/Users/Bandit Game Studio/FixedCameraDemo
C:/Users/Bandit Game Studio/FixedCameraDemo
[UnityMemory] Configuration Parameters - Can be set up in boot.config
    "memorysetup-bucket-allocator-granularity=16"
    "memorysetup-bucket-allocator-bucket-count=8"
    "memorysetup-bucket-allocator-block-size=33554432"
    "memorysetup-bucket-allocator-block-count=8"
    "memorysetup-main-allocator-block-size=16777216"
    "memorysetup-thread-allocator-block-size=16777216"
    "memorysetup-gfx-main-allocator-block-size=16777216"
    "memorysetup-gfx-thread-allocator-block-size=16777216"
    "memorysetup-cache-allocator-block-size=4194304"
    "memorysetup-typetree-allocator-block-size=2097152"
    "memorysetup-profiler-bucket-allocator-granularity=16"
    "memorysetup-profiler-bucket-allocator-bucket-count=8"
    "memorysetup-profiler-bucket-allocator-block-size=33554432"
    "memorysetup-profiler-bucket-allocator-block-count=8"
    "memorysetup-profiler-allocator-block-size=16777216"
    "memorysetup-profiler-editor-allocator-block-size=1048576"
    "memorysetup-temp-allocator-size-main=16777216"
    "memorysetup-job-temp-allocator-block-size=2097152"
    "memorysetup-job-temp-allocator-block-size-background=1048576"
    "memorysetup-job-temp-allocator-reduction-small-platforms=262144"
    "memorysetup-allocator-temp-initial-block-size-main=262144"
    "memorysetup-allocator-temp-initial-block-size-worker=262144"
    "memorysetup-temp-allocator-size-background-worker=32768"
    "memorysetup-temp-allocator-size-job-worker=262144"
    "memorysetup-temp-allocator-size-preload-manager=33554432"
    "memorysetup-temp-allocator-size-nav-mesh-worker=65536"
    "memorysetup-temp-allocator-size-audio-worker=65536"
    "memorysetup-temp-allocator-size-cloud-worker=32768"
    "memorysetup-temp-allocator-size-gi-baking-worker=262144"
    "memorysetup-temp-allocator-size-gfx=262144"
Player connection [6184] Host "[IP] 129.108.79.64 [Port] 0 [Flags] 2 [Guid] 2020516524 [EditorId] 2020516524 [Version] 1048832 [Id] WindowsEditor(7,DESKTOP-7CMUL8F) [Debug] 1 [PackageName] WindowsEditor [ProjectName] Editor" joined multi-casting on [225.0.0.222:54997]...

Player connection [6184] Host "[IP] 129.108.79.64 [Port] 0 [Flags] 2 [Guid] 2020516524 [EditorId] 2020516524 [Version] 1048832 [Id] WindowsEditor(7,DESKTOP-7CMUL8F) [Debug] 1 [PackageName] WindowsEditor [ProjectName] Editor" joined alternative multi-casting on [225.0.0.222:34997]...

[Physics::Module] Initialized MultithreadedJobDispatcher with 15 workers.
Refreshing native plugins compatible for Editor in 23.62 ms, found 3 plugins.
Preloading 0 native plugins for Editor in 0.00 ms.
Initialize engine version: 2022.3.18f1 (d29bea25151d)
[Subsystems] Discovering subsystems at path C:/Program Files/Unity/Hub/Editor/2022.3.18f1/Editor/Data/Resources/UnitySubsystems
[Subsystems] Discovering subsystems at path C:/Users/Bandit Game Studio/FixedCameraDemo/Assets
GfxDevice: creating device client; threaded=0; jobified=0
Direct3D:
    Version:  Direct3D 11.0 [level 11.1]
    Renderer: AMD Radeon RX 5700 XT (ID=0x731f)
    Vendor:   ATI
    VRAM:     8150 MB
    Driver:   32.0.21030.2001
Initialize mono
Mono path[0] = 'C:/Program Files/Unity/Hub/Editor/2022.3.18f1/Editor/Data/Managed'
Mono path[1] = 'C:/Program Files/Unity/Hub/Editor/2022.3.18f1/Editor/Data/MonoBleedingEdge/lib/mono/unityjit-win32'
Mono config path = 'C:/Program Files/Unity/Hub/Editor/2022.3.18f1/Editor/Data/MonoBleedingEdge/etc'
Using monoOptions --debugger-agent=transport=dt_socket,embedding=1,server=y,suspend=n,address=127.0.0.1:56568
Begin MonoManager ReloadAssembly
Registering precompiled unity dll's ...
Register platform support module: C:/Program Files/Unity/Hub/Editor/2022.3.18f1/Editor/Data/PlaybackEngines/WindowsStandaloneSupport/UnityEditor.WindowsStandalone.Extensions.dll
Registered in 0.009459 seconds.
- Loaded All Assemblies, in  0.400 seconds
Native extension for WindowsStandalone target not found
Mono: successfully reloaded assembly
- Finished resetting the current domain, in  0.344 seconds
Domain Reload Profiling: 741ms
	BeginReloadAssembly (123ms)
		ExecutionOrderSort (0ms)
		DisableScriptedObjects (0ms)
		BackupInstance (0ms)
		ReleaseScriptingObjects (0ms)
		CreateAndSetChildDomain (1ms)
	RebuildCommonClasses (39ms)
	RebuildNativeTypeToScriptingClass (12ms)
	initialDomainReloadingComplete (70ms)
	LoadAllAssembliesAndSetupDomain (153ms)
		LoadAssemblies (119ms)
		RebuildTransferFunctionScriptingTraits (0ms)
		AnalyzeDomain (151ms)
			TypeCache.Refresh (149ms)
				TypeCache.ScanAssembly (136ms)
			ScanForSourceGeneratedMonoScriptInfo (0ms)
			ResolveRequiredComponents (0ms)
	FinalizeReload (345ms)
		ReleaseScriptCaches (0ms)
		RebuildScriptCaches (0ms)
		SetupLoadedEditorAssemblies (275ms)
			LogAssemblyErrors (0ms)
			InitializePlatformSupportModulesInManaged (11ms)
			SetLoadedEditorAssemblies (8ms)
			RefreshPlugins (0ms)
			BeforeProcessingInitializeOnLoad (2ms)
			ProcessInitializeOnLoadAttributes (190ms)
			ProcessInitializeOnLoadMethodAttributes (63ms)
			AfterProcessingInitializeOnLoad (0ms)
			EditorAssembliesLoaded (0ms)
		ExecutionOrderSort2 (0ms)
		AwakeInstancesAfterBackupRestoration (0ms)
========================================================================
Worker process is ready to serve import requests
Begin MonoManager ReloadAssembly
- Loaded All Assemblies, in  0.851 seconds
Refreshing native plugins compatible for Editor in 6.14 ms, found 3 plugins.
Native extension for WindowsStandalone target not found
Mono: successfully reloaded assembly
- Finished resetting the current domain, in  0.772 seconds
Domain Reload Profiling: 1619ms
	BeginReloadAssembly (168ms)
		ExecutionOrderSort (0ms)
		DisableScriptedObjects (7ms)
		BackupInstance (0ms)
		ReleaseScriptingObjects (0ms)
		CreateAndSetChildDomain (22ms)
	RebuildCommonClasses (38ms)
	RebuildNativeTypeToScriptingClass (12ms)
	initialDomainReloadingComplete (98ms)
	LoadAllAssembliesAndSetupDomain (531ms)
		LoadAssemblies (397ms)
		RebuildTransferFunctionScriptingTraits (0ms)
		AnalyzeDomain (227ms)
			TypeCache.Refresh (188ms)
				TypeCache.ScanAssembly (172ms)
			ScanForSourceGeneratedMonoScriptInfo (25ms)
			ResolveRequiredComponents (12ms)
	FinalizeReload (773ms)
		ReleaseScriptCaches (0ms)
		RebuildScriptCaches (0ms)
		SetupLoadedEditorAssemblies (588ms)
			LogAssemblyErrors (0ms)
			InitializePlatformSupportModulesInManaged (7ms)
			SetLoadedEditorAssemblies (5ms)
			RefreshPlugins (0ms)
			BeforeProcessingInitializeOnLoad (88ms)
			ProcessInitializeOnLoadAttributes (398ms)
			ProcessInitializeOnLoadMethodAttributes (80ms)
			AfterProcessingInitializeOnLoad (11ms)
			EditorAssembliesLoaded (0ms)
		ExecutionOrderSort2 (0ms)
		AwakeInstancesAfterBackupRestoration (7ms)
Launched and connected shader compiler UnityShaderCompiler.exe after 0.05 seconds
Refreshing native plugins compatible for Editor in 6.47 ms, found 3 plugins.
Preloading 0 native plugins for Editor in 0.00 ms.
Unloading 5522 Unused Serialized files (Serialized files now loaded: 0)
Unloading 86 unused Assets / (1.9 MB). Loaded Objects now: 5974.
Memory consumption went from 250.0 MB to 248.1 MB.
Total: 4.449400 ms (FindLiveObjects: 0.541400 ms CreateObjectMapping: 0.191800 ms MarkObjects: 3.208700 ms  DeleteObjects: 0.506400 ms)

AssetImportParameters requested are different than current active one (requested -> active):
  custom:container-demuxer-ogg: 62fdf1f143b41e24485cea50d1cbac27 -> 
  custom:video-decoder-ogg-theora: a1e56fd34408186e4bbccfd4996cb3dc -> 
  custom:framework-win-MediaFoundation: 216162199b28c13a410421893ffa2e32 -> 
  custom:CustomObjectIndexerAttribute: 62b5816608c3102f162a1797e29626cf -> 
  custom:container-demuxer-webm: 4f35f7cbe854078d1ac9338744f61a02 -> 
  custom:container-muxer-webm: aa71ff27fc2769a1b78a27578f13a17b -> 
  custom:video-decoder-webm-vp8: 9c59270c3fd7afecdb556c50c9e8de78 -> 
  custom:SearchIndexIgnoredProperties: e643bd26f0fe6173181afceb89e7c659 -> 
  custom:AudioImporter_EditorPlatform: d09bf68614088b80899f8185d706f6e7 -> 
  custom:video-encoder-webm-vp8: eb34c28f22e8b96e1ab97ce403110664 -> 
  custom:audio-decoder-ogg-vorbis: bf7c407c2cedff20999df2af8eb42d56 -> 
  custom:audio-encoder-webm-vorbis: bf7c407c2cedff20999df2af8eb42d56 -> 
========================================================================
Received Import Request.
  Time since last request: 978495.996036 seconds.
  path: Assets/PBR Ground Materials #1 [Dirt& Grass]/Materials/Dirt/Dirt_04.mat
  artifactKey: Guid(0e75d53589ebb1e42944acf17d247437) Importer(815301076,1909f56bfc062723c751e8b465ee728b)
Start importing Assets/PBR Ground Materials #1 [Dirt& Grass]/Materials/Dirt/Dirt_04.mat using Guid(0e75d53589ebb1e42944acf17d247437) Importer(815301076,1909f56bfc062723c751e8b465ee728b)  -> (artifact id: '7ea5f26881a459b4fa302c9ceb3ed907') in 1.907529 seconds
Number of updated asset objects reloaded before import = 0
Number of asset objects unloaded after import = 8
========================================================================
Received Import Request.
  Time since last request: 0.000069 seconds.
  path: Assets/PBR Ground Materials #1 [Dirt& Grass]/Materials/Dirt/Dirt_07.mat
  artifactKey: Guid(e33adc884f21a51458c886c44c968355) Importer(815301076,1909f56bfc062723c751e8b465ee728b)
Start importing Assets/PBR Ground Materials #1 [Dirt& Grass]/Materials/Dirt/Dirt_07.mat using Guid(e33adc884f21a51458c886c44c968355) Importer(815301076,1909f56bfc062723c751e8b465ee728b)  -> (artifact id: 'be23f145e46d5dc41857e3e3d5ebfa13') in 0.041589 seconds
Number of updated asset objects reloaded before import = 0
Number of asset objects unloaded after import = 7
========================================================================
Received Import Request.
  Time since last request: 0.000049 seconds.
  path: Assets/PBR Ground Materials #1 [Dirt& Grass]/Materials/Dirt/Dirt_27.mat
  artifactKey: Guid(7a1125ee2ae88b5469460b02724d37cf) Importer(815301076,1909f56bfc062723c751e8b465ee728b)
Start importing Assets/PBR Ground Materials #1 [Dirt& Grass]/Materials/Dirt/Dirt_27.mat using Guid(7a1125ee2ae88b5469460b02724d37cf) Importer(815301076,1909f56bfc062723c751e8b465ee728b)  -> (artifact id: '36e632a8e9165d143a09fcad1ad99edc') in 0.038693 seconds
Number of updated asset objects reloaded before import = 0
Number of asset objects unloaded after import = 7
========================================================================
Received Import Request.
  Time since last request: 302.943239 seconds.
  path: Assets/Scenes/TheOldRoad.unity
  artifactKey: Guid(8c01f3701e18c3541a96a0c03c34ec34) Importer(815301076,1909f56bfc062723c751e8b465ee728b)
Start importing Assets/Scenes/TheOldRoad.unity using Guid(8c01f3701e18c3541a96a0c03c34ec34) Importer(815301076,1909f56bfc062723c751e8b465ee728b)  -> (artifact id: '1e3f0bb320226eef98ec0970aa10e6b5') in 0.000878 seconds
Number of updated asset objects reloaded before import = 0
Number of asset objects unloaded after import = 0
========================================================================
Received Import Request.
  Time since last request: 6.283713 seconds.
  path: Assets/Scenes/TheOldRoad.unity
  artifactKey: Guid(8c01f3701e18c3541a96a0c03c34ec34) Importer(815301076,1909f56bfc062723c751e8b465ee728b)
Start importing Assets/Scenes/TheOldRoad.unity using Guid(8c01f3701e18c3541a96a0c03c34ec34) Importer(815301076,1909f56bfc062723c751e8b465ee728b)  -> (artifact id: 'e6b26100f40ef39b4e97e440a25ddcbd') in 0.000605 seconds
Number of updated asset objects reloaded before import = 0
Number of asset objects unloaded after import = 0
========================================================================
Received Import Request.
  Time since last request: 6.492559 seconds.
  path: Assets/Scenes/TheOldRoad.unity
  artifactKey: Guid(8c01f3701e18c3541a96a0c03c34ec34) Importer(815301076,1909f56bfc062723c751e8b465ee728b)
Start importing Assets/Scenes/TheOldRoad.unity using Guid(8c01f3701e18c3541a96a0c03c34ec34) Importer(815301076,1909f56bfc062723c751e8b465ee728b)  -> (artifact id: '0942022d822120236b42d46ee18191bd') in 0.000547 seconds
Number of updated asset objects reloaded before import = 0
Number of asset objects unloaded after import = 0
========================================================================
Received Import Request.
  Time since last request: 19.026368 seconds.
  path: Assets/Scenes/TheOldRoad.unity
  artifactKey: Guid(8c01f3701e18c3541a96a0c03c34ec34) Importer(815301076,1909f56bfc062723c751e8b465ee728b)
Start importing Assets/Scenes/TheOldRoad.unity using Guid(8c01f3701e18c3541a96a0c03c34ec34) Importer(815301076,1909f56bfc062723c751e8b465ee728b)  -> (artifact id: 'd0dbf696989de463f6aa6ddc29b4b459') in 0.000706 seconds
Number of updated asset objects reloaded before import = 0
Number of asset objects unloaded after import = 0
========================================================================
Received Import Request.
  Time since last request: 9.301727 seconds.
  path: Assets/Scenes/TheOldRoad.unity
  artifactKey: Guid(8c01f3701e18c3541a96a0c03c34ec34) Importer(815301076,1909f56bfc062723c751e8b465ee728b)
Start importing Assets/Scenes/TheOldRoad.unity using Guid(8c01f3701e18c3541a96a0c03c34ec34) Importer(815301076,1909f56bfc062723c751e8b465ee728b)  -> (artifact id: '241e813fdf8d9145fcf00e730d7b20be') in 0.000807 seconds
Number of updated asset objects reloaded before import = 0
Number of asset objects unloaded after import = 0
========================================================================
Received Import Request.
  Time since last request: 69.399135 seconds.
  path: Assets/PBR Ground Materials #1 [Dirt& Grass]/Materials/Grass/Grass_01.mat
  artifactKey: Guid(9316ce98439a2c54eb88ac7a42ea205b) Importer(815301076,1909f56bfc062723c751e8b465ee728b)
Start importing Assets/PBR Ground Materials #1 [Dirt& Grass]/Materials/Grass/Grass_01.mat using Guid(9316ce98439a2c54eb88ac7a42ea205b) Importer(815301076,1909f56bfc062723c751e8b465ee728b)  -> (artifact id: '8cefda51f266163e2be9051f142e5ebb') in 0.043588 seconds
Number of updated asset objects reloaded before import = 0
Number of asset objects unloaded after import = 7
========================================================================
Received Import Request.
  Time since last request: 0.000045 seconds.
  path: Assets/PBR Ground Materials #1 [Dirt& Grass]/Materials/Grass/Grass_05.mat
  artifactKey: Guid(5bac220e15edb034bbd5bd4f84242793) Importer(815301076,1909f56bfc062723c751e8b465ee728b)
Start importing Assets/PBR Ground Materials #1 [Dirt& Grass]/Materials/Grass/Grass_05.mat using Guid(5bac220e15edb034bbd5bd4f84242793) Importer(815301076,1909f56bfc062723c751e8b465ee728b)  -> (artifact id: 'e2bb595360ad9270f4d13ec41b328093') in 0.036566 seconds
Number of updated asset objects reloaded before import = 0
Number of asset objects unloaded after import = 7
========================================================================
Received Import Request.
  Time since last request: 0.000033 seconds.
  path: Assets/PBR Ground Materials #1 [Dirt& Grass]/Materials/Grass/Grass_03.mat
  artifactKey: Guid(e368d6310045b004092b0db253c0fda4) Importer(815301076,1909f56bfc062723c751e8b465ee728b)
Start importing Assets/PBR Ground Materials #1 [Dirt& Grass]/Materials/Grass/Grass_03.mat using Guid(e368d6310045b004092b0db253c0fda4) Importer(815301076,1909f56bfc062723c751e8b465ee728b)  -> (artifact id: '44af8cbcc6dd6f7af43d377cd3a667a9') in 0.037996 seconds
Number of updated asset objects reloaded before import = 0
Number of asset objects unloaded after import = 7
========================================================================
Received Import Request.
  Time since last request: 0.000057 seconds.
  path: Assets/PBR Ground Materials #1 [Dirt& Grass]/Materials/Grass/Grass_07.mat
  artifactKey: Guid(424dce074fd7a284e894ca8d82dffddb) Importer(815301076,1909f56bfc062723c751e8b465ee728b)
Start importing Assets/PBR Ground Materials #1 [Dirt& Grass]/Materials/Grass/Grass_07.mat using Guid(424dce074fd7a284e894ca8d82dffddb) Importer(815301076,1909f56bfc062723c751e8b465ee728b)  -> (artifact id: '0ad53f874857341a960de215de97e5d7') in 0.035217 seconds
Number of updated asset objects reloaded before import = 0
Number of asset objects unloaded after import = 7
========================================================================
Received Import Request.
  Time since last request: 0.000038 seconds.
  path: Assets/PBR Ground Materials #1 [Dirt& Grass]/Materials/Grass/Grass_10.mat
  artifactKey: Guid(2fbc530cd18d14243816ecda89599bbf) Importer(815301076,1909f56bfc062723c751e8b465ee728b)
Start importing Assets/PBR Ground Materials #1 [Dirt& Grass]/Materials/Grass/Grass_10.mat using Guid(2fbc530cd18d14243816ecda89599bbf) Importer(815301076,1909f56bfc062723c751e8b465ee728b)  -> (artifact id: '43cdaa5a170f663f72e3fd9cf202d6ad') in 0.034324 seconds
Number of updated asset objects reloaded before import = 0
Number of asset objects unloaded after import = 7
Editor requested this worker to shutdown with reason: Scaling down because of idle timeout
TcpMessagingSession - receive error: operation aborted. errorcode: 995, details: The I/O operation has been aborted because of either a thread exit or an application request.
AssetImportWorker is now disconnected from the server
Process exiting
Exiting without the bug reporter. Application will terminate with return code 0