Using pre-set license
Built from '2022.3/release' branch; Version is '2022.3.18f1 (d29bea25151d) revision 13802474'; Using compiler version '192829333'; Build Type 'Release'
OS: 'Windows 11  (10.0.26200) 64bit Education' Language: 'en' Physical Memory: 32660 MB
BatchMode: 1, IsHumanControllingUs: 0, StartBugReporterOnCrash: 0, Is64bit: 1, IsPro: 1

COMMAND LINE ARGUMENTS:
C:\Program Files\Unity\Hub\Editor\2022.3.18f1\Editor\Unity.exe
-adb2
-batchMode
-noUpm
-name
AssetImportWorker13
-projectPath
C:/Users/Bandit Game Studio/FixedCameraDemo
-logFile
Logs/AssetImportWorker13.log
-srvPort
59427
Successfully changed project path to: C:/Users/Bandit Game Studio/FixedCameraDemo
C:/Users/Bandit Game Studio/FixedCameraDemo
[UnityMemory] Configuration Parameters - Can be set up in boot.config
    "memorysetup-bucket-allocator-granularity=16"
    "memorysetup-bucket-allocator-bucket-count=8"
    "memorysetup-bucket-allocator-block-size=33554432"
    "memorysetup-bucket-allocator-block-count=8"
    "memorysetup-main-allocator-block-size=16777216"
    "memorysetup-thread-allocator-block-size=16777216"
    "memorysetup-gfx-main-allocator-block-size=16777216"
    "memorysetup-gfx-thread-allocator-block-size=16777216"
    "memorysetup-cache-allocator-block-size=4194304"
    "memorysetup-typetree-allocator-block-size=2097152"
    "memorysetup-profiler-bucket-allocator-granularity=16"
    "memorysetup-profiler-bucket-allocator-bucket-count=8"
    "memorysetup-profiler-bucket-allocator-block-size=33554432"
    "memorysetup-profiler-bucket-allocator-block-count=8"
    "memorysetup-profiler-allocator-block-size=16777216"
    "memorysetup-profiler-editor-allocator-block-size=1048576"
    "memorysetup-temp-allocator-size-main=16777216"
    "memorysetup-job-temp-allocator-block-size=2097152"
    "memorysetup-job-temp-allocator-block-size-background=1048576"
    "memorysetup-job-temp-allocator-reduction-small-platforms=262144"
    "memorysetup-allocator-temp-initial-block-size-main=262144"
    "memorysetup-allocator-temp-initial-block-size-worker=262144"
    "memorysetup-temp-allocator-size-background-worker=32768"
    "memorysetup-temp-allocator-size-job-worker=262144"
    "memorysetup-temp-allocator-size-preload-manager=33554432"
    "memorysetup-temp-allocator-size-nav-mesh-worker=65536"
    "memorysetup-temp-allocator-size-audio-worker=65536"
    "memorysetup-temp-allocator-size-cloud-worker=32768"
    "memorysetup-temp-allocator-size-gi-baking-worker=262144"
    "memorysetup-temp-allocator-size-gfx=262144"
Player connection [15196] Host "[IP] 129.108.79.64 [Port] 0 [Flags] 2 [Guid] 1217251603 [EditorId] 1217251603 [Version] 1048832 [Id] WindowsEditor(7,DESKTOP-7CMUL8F) [Debug] 1 [PackageName] WindowsEditor [ProjectName] Editor" joined multi-casting on [225.0.0.222:54997]...

Player connection [15196] Host "[IP] 129.108.79.64 [Port] 0 [Flags] 2 [Guid] 1217251603 [EditorId] 1217251603 [Version] 1048832 [Id] WindowsEditor(7,DESKTOP-7CMUL8F) [Debug] 1 [PackageName] WindowsEditor [ProjectName] Editor" joined alternative multi-casting on [225.0.0.222:34997]...

[Physics::Module] Initialized MultithreadedJobDispatcher with 15 workers.
Refreshing native plugins compatible for Editor in 18.17 ms, found 3 plugins.
Preloading 0 native plugins for Editor in 0.00 ms.
Initialize engine version: 2022.3.18f1 (d29bea25151d)
[Subsystems] Discovering subsystems at path C:/Program Files/Unity/Hub/Editor/2022.3.18f1/Editor/Data/Resources/UnitySubsystems
[Subsystems] Discovering subsystems at path C:/Users/Bandit Game Studio/FixedCameraDemo/Assets
GfxDevice: creating device client; threaded=0; jobified=0
Direct3D:
    Version:  Direct3D 11.0 [level 11.1]
    Renderer: AMD Radeon RX 5700 XT (ID=0x731f)
    Vendor:   ATI
    VRAM:     8150 MB
    Driver:   32.0.21030.2001
Initialize mono
Mono path[0] = 'C:/Program Files/Unity/Hub/Editor/2022.3.18f1/Editor/Data/Managed'
Mono path[1] = 'C:/Program Files/Unity/Hub/Editor/2022.3.18f1/Editor/Data/MonoBleedingEdge/lib/mono/unityjit-win32'
Mono config path = 'C:/Program Files/Unity/Hub/Editor/2022.3.18f1/Editor/Data/MonoBleedingEdge/etc'
Using monoOptions --debugger-agent=transport=dt_socket,embedding=1,server=y,suspend=n,address=127.0.0.1:56100
Begin MonoManager ReloadAssembly
Registering precompiled unity dll's ...
Register platform support module: C:/Program Files/Unity/Hub/Editor/2022.3.18f1/Editor/Data/PlaybackEngines/WindowsStandaloneSupport/UnityEditor.WindowsStandalone.Extensions.dll
Registered in 0.008816 seconds.
- Loaded All Assemblies, in  0.386 seconds
Native extension for WindowsStandalone target not found
Mono: successfully reloaded assembly
- Finished resetting the current domain, in  0.304 seconds
Domain Reload Profiling: 688ms
	BeginReloadAssembly (118ms)
		ExecutionOrderSort (0ms)
		DisableScriptedObjects (0ms)
		BackupInstance (0ms)
		ReleaseScriptingObjects (0ms)
		CreateAndSetChildDomain (1ms)
	RebuildCommonClasses (40ms)
	RebuildNativeTypeToScriptingClass (12ms)
	initialDomainReloadingComplete (67ms)
	LoadAllAssembliesAndSetupDomain (147ms)
		LoadAssemblies (115ms)
		RebuildTransferFunctionScriptingTraits (0ms)
		AnalyzeDomain (145ms)
			TypeCache.Refresh (143ms)
				TypeCache.ScanAssembly (129ms)
			ScanForSourceGeneratedMonoScriptInfo (0ms)
			ResolveRequiredComponents (0ms)
	FinalizeReload (305ms)
		ReleaseScriptCaches (0ms)
		RebuildScriptCaches (0ms)
		SetupLoadedEditorAssemblies (242ms)
			LogAssemblyErrors (0ms)
			InitializePlatformSupportModulesInManaged (10ms)
			SetLoadedEditorAssemblies (8ms)
			RefreshPlugins (0ms)
			BeforeProcessingInitializeOnLoad (2ms)
			ProcessInitializeOnLoadAttributes (168ms)
			ProcessInitializeOnLoadMethodAttributes (54ms)
			AfterProcessingInitializeOnLoad (0ms)
			EditorAssembliesLoaded (0ms)
		ExecutionOrderSort2 (0ms)
		AwakeInstancesAfterBackupRestoration (0ms)
========================================================================
Worker process is ready to serve import requests
Begin MonoManager ReloadAssembly
- Loaded All Assemblies, in  0.854 seconds
Refreshing native plugins compatible for Editor in 6.57 ms, found 3 plugins.
Native extension for WindowsStandalone target not found
Mono: successfully reloaded assembly
- Finished resetting the current domain, in  0.802 seconds
Domain Reload Profiling: 1651ms
	BeginReloadAssembly (167ms)
		ExecutionOrderSort (0ms)
		DisableScriptedObjects (7ms)
		BackupInstance (0ms)
		ReleaseScriptingObjects (0ms)
		CreateAndSetChildDomain (21ms)
	RebuildCommonClasses (42ms)
	RebuildNativeTypeToScriptingClass (15ms)
	initialDomainReloadingComplete (89ms)
	LoadAllAssembliesAndSetupDomain (536ms)
		LoadAssemblies (391ms)
		RebuildTransferFunctionScriptingTraits (0ms)
		AnalyzeDomain (242ms)
			TypeCache.Refresh (198ms)
				TypeCache.ScanAssembly (179ms)
			ScanForSourceGeneratedMonoScriptInfo (27ms)
			ResolveRequiredComponents (14ms)
	FinalizeReload (802ms)
		ReleaseScriptCaches (0ms)
		RebuildScriptCaches (0ms)
		SetupLoadedEditorAssemblies (612ms)
			LogAssemblyErrors (0ms)
			InitializePlatformSupportModulesInManaged (7ms)
			SetLoadedEditorAssemblies (5ms)
			RefreshPlugins (0ms)
			BeforeProcessingInitializeOnLoad (92ms)
			ProcessInitializeOnLoadAttributes (420ms)
			ProcessInitializeOnLoadMethodAttributes (80ms)
			AfterProcessingInitializeOnLoad (10ms)
			EditorAssembliesLoaded (0ms)
		ExecutionOrderSort2 (0ms)
		AwakeInstancesAfterBackupRestoration (8ms)
Launched and connected shader compiler UnityShaderCompiler.exe after 0.04 seconds
Refreshing native plugins compatible for Editor in 6.49 ms, found 3 plugins.
Preloading 0 native plugins for Editor in 0.00 ms.
Unloading 5522 Unused Serialized files (Serialized files now loaded: 0)
Unloading 86 unused Assets / (1.9 MB). Loaded Objects now: 5975.
Memory consumption went from 250.3 MB to 248.4 MB.
Total: 4.520500 ms (FindLiveObjects: 0.550700 ms CreateObjectMapping: 0.192800 ms MarkObjects: 3.216400 ms  DeleteObjects: 0.559300 ms)

AssetImportParameters requested are different than current active one (requested -> active):
  custom:container-demuxer-ogg: 62fdf1f143b41e24485cea50d1cbac27 -> 
  custom:video-decoder-ogg-theora: a1e56fd34408186e4bbccfd4996cb3dc -> 
  custom:framework-win-MediaFoundation: 216162199b28c13a410421893ffa2e32 -> 
  custom:CustomObjectIndexerAttribute: 62b5816608c3102f162a1797e29626cf -> 
  custom:container-demuxer-webm: 4f35f7cbe854078d1ac9338744f61a02 -> 
  custom:container-muxer-webm: aa71ff27fc2769a1b78a27578f13a17b -> 
  custom:video-decoder-webm-vp8: 9c59270c3fd7afecdb556c50c9e8de78 -> 
  custom:SearchIndexIgnoredProperties: e643bd26f0fe6173181afceb89e7c659 -> 
  custom:AudioImporter_EditorPlatform: d09bf68614088b80899f8185d706f6e7 -> 
  custom:video-encoder-webm-vp8: eb34c28f22e8b96e1ab97ce403110664 -> 
  custom:audio-decoder-ogg-vorbis: bf7c407c2cedff20999df2af8eb42d56 -> 
  custom:audio-encoder-webm-vorbis: bf7c407c2cedff20999df2af8eb42d56 -> 
========================================================================
Received Import Request.
  Time since last request: 979091.728457 seconds.
  path: Assets/Textures/forest-floor-material
  artifactKey: Guid(2edfa2436b39c024b9506901104a3089) Importer(815301076,1909f56bfc062723c751e8b465ee728b)
Start importing Assets/Textures/forest-floor-material using Guid(2edfa2436b39c024b9506901104a3089) Importer(815301076,1909f56bfc062723c751e8b465ee728b)  -> (artifact id: '19b666150bd49eefd856135430e9f6e2') in 0.003039 seconds
Number of updated asset objects reloaded before import = 0
Number of asset objects unloaded after import = 0
========================================================================
Received Import Request.
  Time since last request: 0.765884 seconds.
  path: Assets/Textures/forest-floor-material/textures
  artifactKey: Guid(1b989bb90ac71644485a63be2ca3730c) Importer(815301076,1909f56bfc062723c751e8b465ee728b)
Start importing Assets/Textures/forest-floor-material/textures using Guid(1b989bb90ac71644485a63be2ca3730c) Importer(815301076,1909f56bfc062723c751e8b465ee728b)  -> (artifact id: '6fedffea08a00df728ab173428188e73') in 0.000577 seconds
Number of updated asset objects reloaded before import = 0
Number of asset objects unloaded after import = 0
========================================================================
Received Import Request.
  Time since last request: 0.045992 seconds.
  path: Assets/Textures/forest-floor-material/textures/DefaultMaterial_Base_Color_resized.png
  artifactKey: Guid(2fceb6939a2a6fa46a54e254c029b22b) Importer(815301076,1909f56bfc062723c751e8b465ee728b)
Start importing Assets/Textures/forest-floor-material/textures/DefaultMaterial_Base_Color_resized.png using Guid(2fceb6939a2a6fa46a54e254c029b22b) Importer(815301076,1909f56bfc062723c751e8b465ee728b)  -> (artifact id: 'b292b7b83594c3d4b2d33405500281ee') in 0.069918 seconds
Number of updated asset objects reloaded before import = 0
Number of asset objects unloaded after import = 2
========================================================================
Received Import Request.
  Time since last request: 0.000026 seconds.
  path: Assets/Textures/forest-floor-material/textures/DefaultMaterial_Roughness_reized.png
  artifactKey: Guid(a35794261609d4f4da61c9d188883454) Importer(815301076,1909f56bfc062723c751e8b465ee728b)
Start importing Assets/Textures/forest-floor-material/textures/DefaultMaterial_Roughness_reized.png using Guid(a35794261609d4f4da61c9d188883454) Importer(815301076,1909f56bfc062723c751e8b465ee728b)  -> (artifact id: 'b97ab7ca670e23c5acfccf7ffff21916') in 0.023894 seconds
Number of updated asset objects reloaded before import = 0
Number of asset objects unloaded after import = 2
========================================================================
Received Import Request.
  Time since last request: 5.299770 seconds.
  path: Assets/Textures/forest-floor-material/Materials/DefaultMaterial_Base_Color_resized.mat
  artifactKey: Guid(0edacc7fa50fa054ba9efd6b252c01f6) Importer(815301076,1909f56bfc062723c751e8b465ee728b)
Start importing Assets/Textures/forest-floor-material/Materials/DefaultMaterial_Base_Color_resized.mat using Guid(0edacc7fa50fa054ba9efd6b252c01f6) Importer(815301076,1909f56bfc062723c751e8b465ee728b)  -> (artifact id: 'c531f15b1e273c6e50fe0cc91c712e00') in 0.297693 seconds
Number of updated asset objects reloaded before import = 0
Number of asset objects unloaded after import = 4
========================================================================
Received Import Request.
  Time since last request: 600.185884 seconds.
  path: Assets/Unvik_3D/AshMoor
  artifactKey: Guid(027eda5e2e6cc7547800765ef6b4c2af) Importer(815301076,1909f56bfc062723c751e8b465ee728b)
Start importing Assets/Unvik_3D/AshMoor using Guid(027eda5e2e6cc7547800765ef6b4c2af) Importer(815301076,1909f56bfc062723c751e8b465ee728b)  -> (artifact id: '4918e6ca8b1db277dbcd48eae1eb8ce0') in 0.000718 seconds
Number of updated asset objects reloaded before import = 0
Number of asset objects unloaded after import = 0
========================================================================
Received Import Request.
  Time since last request: 11.860381 seconds.
  path: Assets/Unvik_3D/AshMoor/Textures
  artifactKey: Guid(182b871371c770c4dad61b01b9ec7bef) Importer(815301076,1909f56bfc062723c751e8b465ee728b)
Start importing Assets/Unvik_3D/AshMoor/Textures using Guid(182b871371c770c4dad61b01b9ec7bef) Importer(815301076,1909f56bfc062723c751e8b465ee728b)  -> (artifact id: 'c6176e92d1e083d6cb48d3362e28226b') in 0.000535 seconds
Number of updated asset objects reloaded before import = 0
Number of asset objects unloaded after import = 0
========================================================================
Received Import Request.
  Time since last request: 0.060203 seconds.
  path: Assets/Unvik_3D/AshMoor/Textures/Gradient_05.png
  artifactKey: Guid(b85f585bb5830674593c628733f3f0d5) Importer(815301076,1909f56bfc062723c751e8b465ee728b)
Start importing Assets/Unvik_3D/AshMoor/Textures/Gradient_05.png using Guid(b85f585bb5830674593c628733f3f0d5) Importer(815301076,1909f56bfc062723c751e8b465ee728b)  -> (artifact id: '8848a55e0c97339d2b2606d74250fdf2') in 0.023063 seconds
Number of updated asset objects reloaded before import = 0
Number of asset objects unloaded after import = 2
========================================================================
Received Import Request.
  Time since last request: 2.143737 seconds.
  path: Assets/Unvik_3D/AshMoor/Prefabs/AshMoor_Diorama.prefab
  artifactKey: Guid(5d53c092fd094a04e996c70c552b0400) Importer(815301076,1909f56bfc062723c751e8b465ee728b)
Start importing Assets/Unvik_3D/AshMoor/Prefabs/AshMoor_Diorama.prefab using Guid(5d53c092fd094a04e996c70c552b0400) Importer(815301076,1909f56bfc062723c751e8b465ee728b)  -> (artifact id: '7cf8d0fb1292099a101ad43ccbd20e12') in 0.055230 seconds
Number of updated asset objects reloaded before import = 0
Number of asset objects unloaded after import = 193
========================================================================
Received Import Request.
  Time since last request: 0.000036 seconds.
  path: Assets/Unvik_3D/AshMoor/Prefabs/Ashmoor_Rock_01.prefab
  artifactKey: Guid(06d07ce28138a2148ba20e0055e73acc) Importer(815301076,1909f56bfc062723c751e8b465ee728b)
Start importing Assets/Unvik_3D/AshMoor/Prefabs/Ashmoor_Rock_01.prefab using Guid(06d07ce28138a2148ba20e0055e73acc) Importer(815301076,1909f56bfc062723c751e8b465ee728b)  -> (artifact id: '9e60a4ebd8568e0a53bfd3941e0573c1') in 0.020671 seconds
Number of updated asset objects reloaded before import = 0
Number of asset objects unloaded after import = 18
========================================================================
Received Import Request.
  Time since last request: 0.000029 seconds.
  path: Assets/Unvik_3D/AshMoor/Prefabs/Ashmoor_Trunk_03.prefab
  artifactKey: Guid(abb3f7e035629dd409a1554f0b04136d) Importer(815301076,1909f56bfc062723c751e8b465ee728b)
Start importing Assets/Unvik_3D/AshMoor/Prefabs/Ashmoor_Trunk_03.prefab using Guid(abb3f7e035629dd409a1554f0b04136d) Importer(815301076,1909f56bfc062723c751e8b465ee728b)  -> (artifact id: 'b8707acc3781ffb9d6e9968e080c61f6') in 0.021536 seconds
Number of updated asset objects reloaded before import = 0
Number of asset objects unloaded after import = 11
========================================================================
Received Import Request.
  Time since last request: 0.000025 seconds.
  path: Assets/Unvik_3D/AshMoor/Prefabs/Ashmoor_Isle_01.prefab
  artifactKey: Guid(ddbf1c622182bcf41963313ec227a6e2) Importer(815301076,1909f56bfc062723c751e8b465ee728b)
Start importing Assets/Unvik_3D/AshMoor/Prefabs/Ashmoor_Isle_01.prefab using Guid(ddbf1c622182bcf41963313ec227a6e2) Importer(815301076,1909f56bfc062723c751e8b465ee728b)  -> (artifact id: 'ff147baf40a0aa2b321fc19aa80364e1') in 0.019761 seconds
Number of updated asset objects reloaded before import = 0
Number of asset objects unloaded after import = 11
========================================================================
Received Import Request.
  Time since last request: 0.000026 seconds.
  path: Assets/Unvik_3D/AshMoor/Prefabs/Ashmoor_Tree_02.prefab
  artifactKey: Guid(c5a74388702bbaf4d8e36e9e6f6c5645) Importer(815301076,1909f56bfc062723c751e8b465ee728b)
Start importing Assets/Unvik_3D/AshMoor/Prefabs/Ashmoor_Tree_02.prefab using Guid(c5a74388702bbaf4d8e36e9e6f6c5645) Importer(815301076,1909f56bfc062723c751e8b465ee728b)  -> (artifact id: 'bd1f233dc136320ca87f9bc4d88fea2f') in 0.019486 seconds
Number of updated asset objects reloaded before import = 0
Number of asset objects unloaded after import = 11
========================================================================
Received Import Request.
  Time since last request: 0.000046 seconds.
  path: Assets/Unvik_3D/AshMoor/Prefabs/Ashmoor_Isle_02.prefab
  artifactKey: Guid(5508ed84f9f504a4d84e71fd2502af33) Importer(815301076,1909f56bfc062723c751e8b465ee728b)
Start importing Assets/Unvik_3D/AshMoor/Prefabs/Ashmoor_Isle_02.prefab using Guid(5508ed84f9f504a4d84e71fd2502af33) Importer(815301076,1909f56bfc062723c751e8b465ee728b)  -> (artifact id: '4b5a30b574c5ab8e885ce8fd79291ee4') in 0.018820 seconds
Number of updated asset objects reloaded before import = 0
Number of asset objects unloaded after import = 11
========================================================================
Received Import Request.
  Time since last request: 0.000030 seconds.
  path: Assets/Unvik_3D/AshMoor/Prefabs/Ashmoor_Grass_02.prefab
  artifactKey: Guid(5edbf2b22446f1440bd3047f3646d7fa) Importer(815301076,1909f56bfc062723c751e8b465ee728b)
Start importing Assets/Unvik_3D/AshMoor/Prefabs/Ashmoor_Grass_02.prefab using Guid(5edbf2b22446f1440bd3047f3646d7fa) Importer(815301076,1909f56bfc062723c751e8b465ee728b)  -> (artifact id: '9d659b706bc4695348f26abf9793b052') in 0.018634 seconds
Number of updated asset objects reloaded before import = 0
Number of asset objects unloaded after import = 11
========================================================================
Received Import Request.
  Time since last request: 0.000021 seconds.
  path: Assets/Unvik_3D/AshMoor/Prefabs/Ashmoor_Mushroom_01.prefab
  artifactKey: Guid(52cc190fae5ff3846926646c00e5db8b) Importer(815301076,1909f56bfc062723c751e8b465ee728b)
Start importing Assets/Unvik_3D/AshMoor/Prefabs/Ashmoor_Mushroom_01.prefab using Guid(52cc190fae5ff3846926646c00e5db8b) Importer(815301076,1909f56bfc062723c751e8b465ee728b)  -> (artifact id: '91c3ed70a2479bfd42f9eba174ce5b31') in 0.021222 seconds
Number of updated asset objects reloaded before import = 0
Number of asset objects unloaded after import = 11
========================================================================
Received Import Request.
  Time since last request: 0.000025 seconds.
  path: Assets/Unvik_3D/AshMoor/Prefabs/Ashmoor_Trunk_01.prefab
  artifactKey: Guid(b667798eee128ea46a9adffb9d2cd17a) Importer(815301076,1909f56bfc062723c751e8b465ee728b)
Start importing Assets/Unvik_3D/AshMoor/Prefabs/Ashmoor_Trunk_01.prefab using Guid(b667798eee128ea46a9adffb9d2cd17a) Importer(815301076,1909f56bfc062723c751e8b465ee728b)  -> (artifact id: '845a75ee256124d06679abcf065ec38e') in 0.021921 seconds
Number of updated asset objects reloaded before import = 0
Number of asset objects unloaded after import = 11
========================================================================
Received Import Request.
  Time since last request: 0.000027 seconds.
  path: Assets/Unvik_3D/AshMoor/Prefabs/Ashmoor_Tree_03.prefab
  artifactKey: Guid(b11704d4e0843594f8d8df47ac4504b7) Importer(815301076,1909f56bfc062723c751e8b465ee728b)
Start importing Assets/Unvik_3D/AshMoor/Prefabs/Ashmoor_Tree_03.prefab using Guid(b11704d4e0843594f8d8df47ac4504b7) Importer(815301076,1909f56bfc062723c751e8b465ee728b)  -> (artifact id: '8e49d680e9207d1d5934e3e6d7331449') in 0.020355 seconds
Number of updated asset objects reloaded before import = 0
Number of asset objects unloaded after import = 11
========================================================================
Received Import Request.
  Time since last request: 0.000025 seconds.
  path: Assets/Unvik_3D/AshMoor/Prefabs/Ashmoor_roots_01.prefab
  artifactKey: Guid(4d348e640bd121b4d873587b6c568d85) Importer(815301076,1909f56bfc062723c751e8b465ee728b)
Start importing Assets/Unvik_3D/AshMoor/Prefabs/Ashmoor_roots_01.prefab using Guid(4d348e640bd121b4d873587b6c568d85) Importer(815301076,1909f56bfc062723c751e8b465ee728b)  -> (artifact id: '307d0b1902d5e5eeb498202bf7c5874f') in 0.021379 seconds
Number of updated asset objects reloaded before import = 0
Number of asset objects unloaded after import = 11
========================================================================
Received Import Request.
  Time since last request: 0.000028 seconds.
  path: Assets/Unvik_3D/AshMoor/Prefabs/Ashmoor_Rock_02.prefab
  artifactKey: Guid(95a8a70dfed48e145827005d92e5bd40) Importer(815301076,1909f56bfc062723c751e8b465ee728b)
Start importing Assets/Unvik_3D/AshMoor/Prefabs/Ashmoor_Rock_02.prefab using Guid(95a8a70dfed48e145827005d92e5bd40) Importer(815301076,1909f56bfc062723c751e8b465ee728b)  -> (artifact id: '88bd7a278a5ef91c1fc8b3961f3f3aae') in 0.020126 seconds
Number of updated asset objects reloaded before import = 0
Number of asset objects unloaded after import = 11
========================================================================
Received Import Request.
  Time since last request: 0.000032 seconds.
  path: Assets/Unvik_3D/AshMoor/Prefabs/Ashmoor_roots_02.prefab
  artifactKey: Guid(94e6e8c0644d8c549af7923829aa13aa) Importer(815301076,1909f56bfc062723c751e8b465ee728b)
Start importing Assets/Unvik_3D/AshMoor/Prefabs/Ashmoor_roots_02.prefab using Guid(94e6e8c0644d8c549af7923829aa13aa) Importer(815301076,1909f56bfc062723c751e8b465ee728b)  -> (artifact id: 'fd6865fc5fe7a47bb3257515e92d35f5') in 0.024261 seconds
Number of updated asset objects reloaded before import = 0
Number of asset objects unloaded after import = 11
========================================================================
Received Import Request.
  Time since last request: 0.000035 seconds.
  path: Assets/Unvik_3D/AshMoor/Prefabs/Ashmoor_Trunk_04.prefab
  artifactKey: Guid(9d8b954565e1c6c49815173562f3c29c) Importer(815301076,1909f56bfc062723c751e8b465ee728b)
Start importing Assets/Unvik_3D/AshMoor/Prefabs/Ashmoor_Trunk_04.prefab using Guid(9d8b954565e1c6c49815173562f3c29c) Importer(815301076,1909f56bfc062723c751e8b465ee728b)  -> (artifact id: 'd22757f0c67b9a8ec74cff11a37c487e') in 0.020711 seconds
Number of updated asset objects reloaded before import = 0
Number of asset objects unloaded after import = 11
========================================================================
Received Import Request.
  Time since last request: 22.626598 seconds.
  path: Assets/Unvik_3D/AshMoor/Prefabs/Ashmoor_Grass_01.prefab
  artifactKey: Guid(18a1ec5a135b2074d96f1d329d53108e) Importer(815301076,1909f56bfc062723c751e8b465ee728b)
Start importing Assets/Unvik_3D/AshMoor/Prefabs/Ashmoor_Grass_01.prefab using Guid(18a1ec5a135b2074d96f1d329d53108e) Importer(815301076,1909f56bfc062723c751e8b465ee728b)  -> (artifact id: '08e27cf64dec727edfeb94da6ca1367c') in 0.023241 seconds
Number of updated asset objects reloaded before import = 0
Number of asset objects unloaded after import = 11
========================================================================
Received Import Request.
  Time since last request: 0.000023 seconds.
  path: Assets/Unvik_3D/AshMoor/Prefabs/Ashmoor_Rock_01.prefab
  artifactKey: Guid(06d07ce28138a2148ba20e0055e73acc) Importer(815301076,1909f56bfc062723c751e8b465ee728b)
Start importing Assets/Unvik_3D/AshMoor/Prefabs/Ashmoor_Rock_01.prefab using Guid(06d07ce28138a2148ba20e0055e73acc) Importer(815301076,1909f56bfc062723c751e8b465ee728b)  -> (artifact id: 'd5f8fca53197a22704a2f1728efae074') in 0.020708 seconds
Number of updated asset objects reloaded before import = 0
Number of asset objects unloaded after import = 18
========================================================================
Received Import Request.
  Time since last request: 0.000029 seconds.
  path: Assets/Unvik_3D/AshMoor/Prefabs/Ashmoor_Tree_02.prefab
  artifactKey: Guid(c5a74388702bbaf4d8e36e9e6f6c5645) Importer(815301076,1909f56bfc062723c751e8b465ee728b)
Start importing Assets/Unvik_3D/AshMoor/Prefabs/Ashmoor_Tree_02.prefab using Guid(c5a74388702bbaf4d8e36e9e6f6c5645) Importer(815301076,1909f56bfc062723c751e8b465ee728b)  -> (artifact id: '65721f9a5483627c7dba63350caf1dec') in 0.023948 seconds
Number of updated asset objects reloaded before import = 0
Number of asset objects unloaded after import = 11
========================================================================
Received Import Request.
  Time since last request: 0.000034 seconds.
  path: Assets/Unvik_3D/AshMoor/Prefabs/Ashmoor_Mushroom_01.prefab
  artifactKey: Guid(52cc190fae5ff3846926646c00e5db8b) Importer(815301076,1909f56bfc062723c751e8b465ee728b)
Start importing Assets/Unvik_3D/AshMoor/Prefabs/Ashmoor_Mushroom_01.prefab using Guid(52cc190fae5ff3846926646c00e5db8b) Importer(815301076,1909f56bfc062723c751e8b465ee728b)  -> (artifact id: '0e1e828c33629797acba1a2060cf288d') in 0.020074 seconds
Number of updated asset objects reloaded before import = 0
Number of asset objects unloaded after import = 11
========================================================================
Received Import Request.
  Time since last request: 0.000044 seconds.
  path: Assets/Unvik_3D/AshMoor/Prefabs/Ashmoor_Tree_03.prefab
  artifactKey: Guid(b11704d4e0843594f8d8df47ac4504b7) Importer(815301076,1909f56bfc062723c751e8b465ee728b)
Start importing Assets/Unvik_3D/AshMoor/Prefabs/Ashmoor_Tree_03.prefab using Guid(b11704d4e0843594f8d8df47ac4504b7) Importer(815301076,1909f56bfc062723c751e8b465ee728b)  -> (artifact id: 'ac5874483cb7cca530cdaf3f552fbff7') in 0.020018 seconds
Number of updated asset objects reloaded before import = 0
Number of asset objects unloaded after import = 11
========================================================================
Received Import Request.
  Time since last request: 0.000033 seconds.
  path: Assets/Unvik_3D/AshMoor/Prefabs/Ashmoor_roots_01.prefab
  artifactKey: Guid(4d348e640bd121b4d873587b6c568d85) Importer(815301076,1909f56bfc062723c751e8b465ee728b)
Start importing Assets/Unvik_3D/AshMoor/Prefabs/Ashmoor_roots_01.prefab using Guid(4d348e640bd121b4d873587b6c568d85) Importer(815301076,1909f56bfc062723c751e8b465ee728b)  -> (artifact id: '2bbf5461d2a8c9d730bdf185472b36e5') in 0.021449 seconds
Number of updated asset objects reloaded before import = 0
Number of asset objects unloaded after import = 11
========================================================================
Received Import Request.
  Time since last request: 0.000038 seconds.
  path: Assets/Unvik_3D/AshMoor/Prefabs/Ashmoor_Tree_01.prefab
  artifactKey: Guid(cdd4d3c65026ba94aaa2fd47b4d2b4b5) Importer(815301076,1909f56bfc062723c751e8b465ee728b)
Start importing Assets/Unvik_3D/AshMoor/Prefabs/Ashmoor_Tree_01.prefab using Guid(cdd4d3c65026ba94aaa2fd47b4d2b4b5) Importer(815301076,1909f56bfc062723c751e8b465ee728b)  -> (artifact id: 'f14c257999dab0904e3df38a5dbba2fd') in 0.020241 seconds
Number of updated asset objects reloaded before import = 0
Number of asset objects unloaded after import = 11
========================================================================
Received Import Request.
  Time since last request: 0.000036 seconds.
  path: Assets/Unvik_3D/AshMoor/Prefabs/Ashmoor_Tree_04.prefab
  artifactKey: Guid(8e89d750aed0ef84a81aefab889cbf8a) Importer(815301076,1909f56bfc062723c751e8b465ee728b)
Start importing Assets/Unvik_3D/AshMoor/Prefabs/Ashmoor_Tree_04.prefab using Guid(8e89d750aed0ef84a81aefab889cbf8a) Importer(815301076,1909f56bfc062723c751e8b465ee728b)  -> (artifact id: '4616f9a39dde75064d68583c8bb8576f') in 0.020348 seconds
Number of updated asset objects reloaded before import = 0
Number of asset objects unloaded after import = 11
Editor requested this worker to shutdown with reason: Scaling down because of idle timeout
TcpMessagingSession - receive error: operation aborted. errorcode: 995, details: The I/O operation has been aborted because of either a thread exit or an application request.
AssetImportWorker is now disconnected from the server
Process exiting
Exiting without the bug reporter. Application will terminate with return code 0